<?xml version="1.0" ?>
<results>
  <student_count>
    <item>
      <room_name>Room #813</room_name>
      <students_count>20</students_count>
    </item>
    <item>
      <room_name>Room #73</room_name>
      <students_count>20</students_count>
    </item>
    <item>
      <room_name>Room #197</room_name>
      <students_count>19</students_count>
    </item>
    <item>
      <room_name>Room #905</room_name>
      <students_count>19</students_count>
    </item>
    <item>
      <room_name>Room #731</room_name>
      <students_count>19</students_count>
    </item>
    <item>
      <room_name>Room #860</room_name>
      <students_count>19</students_count>
    </item>
    <item>
      <room_name>Room #448</room_name>
      <students_count>18</students_count>
    </item>
    <item>
      <room_name>Room #326</room_name>
      <students_count>18</students_count>
    </item>
    <item>
      <room_name>Room #359</room_name>
      <students_count>18</students_count>
    </item>
    <item>
      <room_name>Room #591</room_name>
      <students_count>18</students_count>
    </item>
    <item>
      <room_name>Room #155</room_name>
      <students_count>18</students_count>
    </item>
    <item>
      <room_name>Room #506</room_name>
      <students_count>18</students_count>
    </item>
    <item>
      <room_name>Room #392</room_name>
      <students_count>18</students_count>
    </item>
    <item>
      <room_name>Room #894</room_name>
      <students_count>17</students_count>
    </item>
    <item>
      <room_name>Room #556</room_name>
      <students_count>17</students_count>
    </item>
    <item>
      <room_name>Room #486</room_name>
      <students_count>17</students_count>
    </item>
    <item>
      <room_name>Room #573</room_name>
      <students_count>17</students_count>
    </item>
    <item>
      <room_name>Room #968</room_name>
      <students_count>17</students_count>
    </item>
    <item>
      <room_name>Room #961</room_name>
      <students_count>17</students_count>
    </item>
    <item>
      <room_name>Room #489</room_name>
      <students_count>17</students_count>
    </item>
    <item>
      <room_name>Room #74</room_name>
      <students_count>17</students_count>
    </item>
    <item>
      <room_name>Room #491</room_name>
      <students_count>17</students_count>
    </item>
    <item>
      <room_name>Room #497</room_name>
      <students_count>17</students_count>
    </item>
    <item>
      <room_name>Room #714</room_name>
      <students_count>16</students_count>
    </item>
    <item>
      <room_name>Room #437</room_name>
      <students_count>16</students_count>
    </item>
    <item>
      <room_name>Room #599</room_name>
      <students_count>16</students_count>
    </item>
    <item>
      <room_name>Room #65</room_name>
      <students_count>16</students_count>
    </item>
    <item>
      <room_name>Room #23</room_name>
      <students_count>16</students_count>
    </item>
    <item>
      <room_name>Room #12</room_name>
      <students_count>16</students_count>
    </item>
    <item>
      <room_name>Room #328</room_name>
      <students_count>16</students_count>
    </item>
    <item>
      <room_name>Room #145</room_name>
      <students_count>16</students_count>
    </item>
    <item>
      <room_name>Room #136</room_name>
      <students_count>16</students_count>
    </item>
    <item>
      <room_name>Room #357</room_name>
      <students_count>16</students_count>
    </item>
    <item>
      <room_name>Room #521</room_name>
      <students_count>16</students_count>
    </item>
    <item>
      <room_name>Room #133</room_name>
      <students_count>16</students_count>
    </item>
    <item>
      <room_name>Room #969</room_name>
      <students_count>16</students_count>
    </item>
    <item>
      <room_name>Room #563</room_name>
      <students_count>16</students_count>
    </item>
    <item>
      <room_name>Room #631</room_name>
      <students_count>16</students_count>
    </item>
    <item>
      <room_name>Room #847</room_name>
      <students_count>16</students_count>
    </item>
    <item>
      <room_name>Room #373</room_name>
      <students_count>16</students_count>
    </item>
    <item>
      <room_name>Room #355</room_name>
      <students_count>16</students_count>
    </item>
    <item>
      <room_name>Room #464</room_name>
      <students_count>16</students_count>
    </item>
    <item>
      <room_name>Room #44</room_name>
      <students_count>16</students_count>
    </item>
    <item>
      <room_name>Room #209</room_name>
      <students_count>16</students_count>
    </item>
    <item>
      <room_name>Room #423</room_name>
      <students_count>16</students_count>
    </item>
    <item>
      <room_name>Room #835</room_name>
      <students_count>16</students_count>
    </item>
    <item>
      <room_name>Room #205</room_name>
      <students_count>16</students_count>
    </item>
    <item>
      <room_name>Room #237</room_name>
      <students_count>16</students_count>
    </item>
    <item>
      <room_name>Room #356</room_name>
      <students_count>16</students_count>
    </item>
    <item>
      <room_name>Room #627</room_name>
      <students_count>15</students_count>
    </item>
    <item>
      <room_name>Room #930</room_name>
      <students_count>15</students_count>
    </item>
    <item>
      <room_name>Room #550</room_name>
      <students_count>15</students_count>
    </item>
    <item>
      <room_name>Room #451</room_name>
      <students_count>15</students_count>
    </item>
    <item>
      <room_name>Room #488</room_name>
      <students_count>15</students_count>
    </item>
    <item>
      <room_name>Room #51</room_name>
      <students_count>15</students_count>
    </item>
    <item>
      <room_name>Room #879</room_name>
      <students_count>15</students_count>
    </item>
    <item>
      <room_name>Room #289</room_name>
      <students_count>15</students_count>
    </item>
    <item>
      <room_name>Room #82</room_name>
      <students_count>15</students_count>
    </item>
    <item>
      <room_name>Room #318</room_name>
      <students_count>15</students_count>
    </item>
    <item>
      <room_name>Room #657</room_name>
      <students_count>15</students_count>
    </item>
    <item>
      <room_name>Room #863</room_name>
      <students_count>15</students_count>
    </item>
    <item>
      <room_name>Room #759</room_name>
      <students_count>15</students_count>
    </item>
    <item>
      <room_name>Room #469</room_name>
      <students_count>15</students_count>
    </item>
    <item>
      <room_name>Room #161</room_name>
      <students_count>15</students_count>
    </item>
    <item>
      <room_name>Room #505</room_name>
      <students_count>15</students_count>
    </item>
    <item>
      <room_name>Room #21</room_name>
      <students_count>15</students_count>
    </item>
    <item>
      <room_name>Room #41</room_name>
      <students_count>15</students_count>
    </item>
    <item>
      <room_name>Room #366</room_name>
      <students_count>15</students_count>
    </item>
    <item>
      <room_name>Room #442</room_name>
      <students_count>15</students_count>
    </item>
    <item>
      <room_name>Room #52</room_name>
      <students_count>15</students_count>
    </item>
    <item>
      <room_name>Room #699</room_name>
      <students_count>15</students_count>
    </item>
    <item>
      <room_name>Room #514</room_name>
      <students_count>15</students_count>
    </item>
    <item>
      <room_name>Room #965</room_name>
      <students_count>15</students_count>
    </item>
    <item>
      <room_name>Room #200</room_name>
      <students_count>15</students_count>
    </item>
    <item>
      <room_name>Room #695</room_name>
      <students_count>15</students_count>
    </item>
    <item>
      <room_name>Room #766</room_name>
      <students_count>15</students_count>
    </item>
    <item>
      <room_name>Room #535</room_name>
      <students_count>15</students_count>
    </item>
    <item>
      <room_name>Room #390</room_name>
      <students_count>15</students_count>
    </item>
    <item>
      <room_name>Room #541</room_name>
      <students_count>15</students_count>
    </item>
    <item>
      <room_name>Room #793</room_name>
      <students_count>15</students_count>
    </item>
    <item>
      <room_name>Room #418</room_name>
      <students_count>15</students_count>
    </item>
    <item>
      <room_name>Room #268</room_name>
      <students_count>15</students_count>
    </item>
    <item>
      <room_name>Room #432</room_name>
      <students_count>15</students_count>
    </item>
    <item>
      <room_name>Room #20</room_name>
      <students_count>15</students_count>
    </item>
    <item>
      <room_name>Room #62</room_name>
      <students_count>14</students_count>
    </item>
    <item>
      <room_name>Room #342</room_name>
      <students_count>14</students_count>
    </item>
    <item>
      <room_name>Room #875</room_name>
      <students_count>14</students_count>
    </item>
    <item>
      <room_name>Room #557</room_name>
      <students_count>14</students_count>
    </item>
    <item>
      <room_name>Room #139</room_name>
      <students_count>14</students_count>
    </item>
    <item>
      <room_name>Room #525</room_name>
      <students_count>14</students_count>
    </item>
    <item>
      <room_name>Room #730</room_name>
      <students_count>14</students_count>
    </item>
    <item>
      <room_name>Room #24</room_name>
      <students_count>14</students_count>
    </item>
    <item>
      <room_name>Room #665</room_name>
      <students_count>14</students_count>
    </item>
    <item>
      <room_name>Room #124</room_name>
      <students_count>14</students_count>
    </item>
    <item>
      <room_name>Room #838</room_name>
      <students_count>14</students_count>
    </item>
    <item>
      <room_name>Room #832</room_name>
      <students_count>14</students_count>
    </item>
    <item>
      <room_name>Room #473</room_name>
      <students_count>14</students_count>
    </item>
    <item>
      <room_name>Room #926</room_name>
      <students_count>14</students_count>
    </item>
    <item>
      <room_name>Room #317</room_name>
      <students_count>14</students_count>
    </item>
    <item>
      <room_name>Room #311</room_name>
      <students_count>14</students_count>
    </item>
    <item>
      <room_name>Room #217</room_name>
      <students_count>14</students_count>
    </item>
    <item>
      <room_name>Room #679</room_name>
      <students_count>14</students_count>
    </item>
    <item>
      <room_name>Room #187</room_name>
      <students_count>14</students_count>
    </item>
    <item>
      <room_name>Room #259</room_name>
      <students_count>14</students_count>
    </item>
    <item>
      <room_name>Room #406</room_name>
      <students_count>14</students_count>
    </item>
    <item>
      <room_name>Room #452</room_name>
      <students_count>14</students_count>
    </item>
    <item>
      <room_name>Room #725</room_name>
      <students_count>14</students_count>
    </item>
    <item>
      <room_name>Room #265</room_name>
      <students_count>14</students_count>
    </item>
    <item>
      <room_name>Room #343</room_name>
      <students_count>14</students_count>
    </item>
    <item>
      <room_name>Room #365</room_name>
      <students_count>14</students_count>
    </item>
    <item>
      <room_name>Room #195</room_name>
      <students_count>14</students_count>
    </item>
    <item>
      <room_name>Room #709</room_name>
      <students_count>14</students_count>
    </item>
    <item>
      <room_name>Room #572</room_name>
      <students_count>14</students_count>
    </item>
    <item>
      <room_name>Room #998</room_name>
      <students_count>14</students_count>
    </item>
    <item>
      <room_name>Room #510</room_name>
      <students_count>14</students_count>
    </item>
    <item>
      <room_name>Room #169</room_name>
      <students_count>14</students_count>
    </item>
    <item>
      <room_name>Room #225</room_name>
      <students_count>14</students_count>
    </item>
    <item>
      <room_name>Room #646</room_name>
      <students_count>14</students_count>
    </item>
    <item>
      <room_name>Room #305</room_name>
      <students_count>14</students_count>
    </item>
    <item>
      <room_name>Room #848</room_name>
      <students_count>14</students_count>
    </item>
    <item>
      <room_name>Room #733</room_name>
      <students_count>14</students_count>
    </item>
    <item>
      <room_name>Room #35</room_name>
      <students_count>14</students_count>
    </item>
    <item>
      <room_name>Room #214</room_name>
      <students_count>14</students_count>
    </item>
    <item>
      <room_name>Room #918</room_name>
      <students_count>14</students_count>
    </item>
    <item>
      <room_name>Room #980</room_name>
      <students_count>14</students_count>
    </item>
    <item>
      <room_name>Room #534</room_name>
      <students_count>14</students_count>
    </item>
    <item>
      <room_name>Room #543</room_name>
      <students_count>14</students_count>
    </item>
    <item>
      <room_name>Room #608</room_name>
      <students_count>14</students_count>
    </item>
    <item>
      <room_name>Room #116</room_name>
      <students_count>14</students_count>
    </item>
    <item>
      <room_name>Room #884</room_name>
      <students_count>14</students_count>
    </item>
    <item>
      <room_name>Room #460</room_name>
      <students_count>14</students_count>
    </item>
    <item>
      <room_name>Room #716</room_name>
      <students_count>14</students_count>
    </item>
    <item>
      <room_name>Room #719</room_name>
      <students_count>14</students_count>
    </item>
    <item>
      <room_name>Room #530</room_name>
      <students_count>14</students_count>
    </item>
    <item>
      <room_name>Room #771</room_name>
      <students_count>14</students_count>
    </item>
    <item>
      <room_name>Room #836</room_name>
      <students_count>14</students_count>
    </item>
    <item>
      <room_name>Room #447</room_name>
      <students_count>14</students_count>
    </item>
    <item>
      <room_name>Room #371</room_name>
      <students_count>14</students_count>
    </item>
    <item>
      <room_name>Room #559</room_name>
      <students_count>14</students_count>
    </item>
    <item>
      <room_name>Room #958</room_name>
      <students_count>14</students_count>
    </item>
    <item>
      <room_name>Room #740</room_name>
      <students_count>14</students_count>
    </item>
    <item>
      <room_name>Room #622</room_name>
      <students_count>13</students_count>
    </item>
    <item>
      <room_name>Room #175</room_name>
      <students_count>13</students_count>
    </item>
    <item>
      <room_name>Room #19</room_name>
      <students_count>13</students_count>
    </item>
    <item>
      <room_name>Room #820</room_name>
      <students_count>13</students_count>
    </item>
    <item>
      <room_name>Room #321</room_name>
      <students_count>13</students_count>
    </item>
    <item>
      <room_name>Room #128</room_name>
      <students_count>13</students_count>
    </item>
    <item>
      <room_name>Room #196</room_name>
      <students_count>13</students_count>
    </item>
    <item>
      <room_name>Room #31</room_name>
      <students_count>13</students_count>
    </item>
    <item>
      <room_name>Room #553</room_name>
      <students_count>13</students_count>
    </item>
    <item>
      <room_name>Room #809</room_name>
      <students_count>13</students_count>
    </item>
    <item>
      <room_name>Room #412</room_name>
      <students_count>13</students_count>
    </item>
    <item>
      <room_name>Room #368</room_name>
      <students_count>13</students_count>
    </item>
    <item>
      <room_name>Room #201</room_name>
      <students_count>13</students_count>
    </item>
    <item>
      <room_name>Room #547</room_name>
      <students_count>13</students_count>
    </item>
    <item>
      <room_name>Room #758</room_name>
      <students_count>13</students_count>
    </item>
    <item>
      <room_name>Room #660</room_name>
      <students_count>13</students_count>
    </item>
    <item>
      <room_name>Room #737</room_name>
      <students_count>13</students_count>
    </item>
    <item>
      <room_name>Room #253</room_name>
      <students_count>13</students_count>
    </item>
    <item>
      <room_name>Room #872</room_name>
      <students_count>13</students_count>
    </item>
    <item>
      <room_name>Room #520</room_name>
      <students_count>13</students_count>
    </item>
    <item>
      <room_name>Room #10</room_name>
      <students_count>13</students_count>
    </item>
    <item>
      <room_name>Room #741</room_name>
      <students_count>13</students_count>
    </item>
    <item>
      <room_name>Room #854</room_name>
      <students_count>13</students_count>
    </item>
    <item>
      <room_name>Room #992</room_name>
      <students_count>13</students_count>
    </item>
    <item>
      <room_name>Room #581</room_name>
      <students_count>13</students_count>
    </item>
    <item>
      <room_name>Room #799</room_name>
      <students_count>13</students_count>
    </item>
    <item>
      <room_name>Room #457</room_name>
      <students_count>13</students_count>
    </item>
    <item>
      <room_name>Room #242</room_name>
      <students_count>13</students_count>
    </item>
    <item>
      <room_name>Room #138</room_name>
      <students_count>13</students_count>
    </item>
    <item>
      <room_name>Room #266</room_name>
      <students_count>13</students_count>
    </item>
    <item>
      <room_name>Room #893</room_name>
      <students_count>13</students_count>
    </item>
    <item>
      <room_name>Room #87</room_name>
      <students_count>13</students_count>
    </item>
    <item>
      <room_name>Room #344</room_name>
      <students_count>13</students_count>
    </item>
    <item>
      <room_name>Room #637</room_name>
      <students_count>13</students_count>
    </item>
    <item>
      <room_name>Room #779</room_name>
      <students_count>13</students_count>
    </item>
    <item>
      <room_name>Room #198</room_name>
      <students_count>13</students_count>
    </item>
    <item>
      <room_name>Room #912</room_name>
      <students_count>13</students_count>
    </item>
    <item>
      <room_name>Room #537</room_name>
      <students_count>13</students_count>
    </item>
    <item>
      <room_name>Room #516</room_name>
      <students_count>13</students_count>
    </item>
    <item>
      <room_name>Room #749</room_name>
      <students_count>13</students_count>
    </item>
    <item>
      <room_name>Room #603</room_name>
      <students_count>13</students_count>
    </item>
    <item>
      <room_name>Room #936</room_name>
      <students_count>13</students_count>
    </item>
    <item>
      <room_name>Room #948</room_name>
      <students_count>13</students_count>
    </item>
    <item>
      <room_name>Room #656</room_name>
      <students_count>13</students_count>
    </item>
    <item>
      <room_name>Room #747</room_name>
      <students_count>13</students_count>
    </item>
    <item>
      <room_name>Room #323</room_name>
      <students_count>13</students_count>
    </item>
    <item>
      <room_name>Room #778</room_name>
      <students_count>13</students_count>
    </item>
    <item>
      <room_name>Room #527</room_name>
      <students_count>13</students_count>
    </item>
    <item>
      <room_name>Room #626</room_name>
      <students_count>13</students_count>
    </item>
    <item>
      <room_name>Room #995</room_name>
      <students_count>13</students_count>
    </item>
    <item>
      <room_name>Room #297</room_name>
      <students_count>13</students_count>
    </item>
    <item>
      <room_name>Room #395</room_name>
      <students_count>13</students_count>
    </item>
    <item>
      <room_name>Room #955</room_name>
      <students_count>13</students_count>
    </item>
    <item>
      <room_name>Room #582</room_name>
      <students_count>13</students_count>
    </item>
    <item>
      <room_name>Room #561</room_name>
      <students_count>13</students_count>
    </item>
    <item>
      <room_name>Room #984</room_name>
      <students_count>13</students_count>
    </item>
    <item>
      <room_name>Room #986</room_name>
      <students_count>13</students_count>
    </item>
    <item>
      <room_name>Room #56</room_name>
      <students_count>13</students_count>
    </item>
    <item>
      <room_name>Room #914</room_name>
      <students_count>13</students_count>
    </item>
    <item>
      <room_name>Room #544</room_name>
      <students_count>13</students_count>
    </item>
    <item>
      <room_name>Room #597</room_name>
      <students_count>13</students_count>
    </item>
    <item>
      <room_name>Room #781</room_name>
      <students_count>13</students_count>
    </item>
    <item>
      <room_name>Room #398</room_name>
      <students_count>13</students_count>
    </item>
    <item>
      <room_name>Room #952</room_name>
      <students_count>13</students_count>
    </item>
    <item>
      <room_name>Room #369</room_name>
      <students_count>13</students_count>
    </item>
    <item>
      <room_name>Room #519</room_name>
      <students_count>12</students_count>
    </item>
    <item>
      <room_name>Room #199</room_name>
      <students_count>12</students_count>
    </item>
    <item>
      <room_name>Room #978</room_name>
      <students_count>12</students_count>
    </item>
    <item>
      <room_name>Room #590</room_name>
      <students_count>12</students_count>
    </item>
    <item>
      <room_name>Room #829</room_name>
      <students_count>12</students_count>
    </item>
    <item>
      <room_name>Room #48</room_name>
      <students_count>12</students_count>
    </item>
    <item>
      <room_name>Room #260</room_name>
      <students_count>12</students_count>
    </item>
    <item>
      <room_name>Room #786</room_name>
      <students_count>12</students_count>
    </item>
    <item>
      <room_name>Room #287</room_name>
      <students_count>12</students_count>
    </item>
    <item>
      <room_name>Room #924</room_name>
      <students_count>12</students_count>
    </item>
    <item>
      <room_name>Room #675</room_name>
      <students_count>12</students_count>
    </item>
    <item>
      <room_name>Room #575</room_name>
      <students_count>12</students_count>
    </item>
    <item>
      <room_name>Room #68</room_name>
      <students_count>12</students_count>
    </item>
    <item>
      <room_name>Room #123</room_name>
      <students_count>12</students_count>
    </item>
    <item>
      <room_name>Room #755</room_name>
      <students_count>12</students_count>
    </item>
    <item>
      <room_name>Room #724</room_name>
      <students_count>12</students_count>
    </item>
    <item>
      <room_name>Room #898</room_name>
      <students_count>12</students_count>
    </item>
    <item>
      <room_name>Room #331</room_name>
      <students_count>12</students_count>
    </item>
    <item>
      <room_name>Room #104</room_name>
      <students_count>12</students_count>
    </item>
    <item>
      <room_name>Room #850</room_name>
      <students_count>12</students_count>
    </item>
    <item>
      <room_name>Room #81</room_name>
      <students_count>12</students_count>
    </item>
    <item>
      <room_name>Room #348</room_name>
      <students_count>12</students_count>
    </item>
    <item>
      <room_name>Room #103</room_name>
      <students_count>12</students_count>
    </item>
    <item>
      <room_name>Room #738</room_name>
      <students_count>12</students_count>
    </item>
    <item>
      <room_name>Room #806</room_name>
      <students_count>12</students_count>
    </item>
    <item>
      <room_name>Room #39</room_name>
      <students_count>12</students_count>
    </item>
    <item>
      <room_name>Room #240</room_name>
      <students_count>12</students_count>
    </item>
    <item>
      <room_name>Room #151</room_name>
      <students_count>12</students_count>
    </item>
    <item>
      <room_name>Room #817</room_name>
      <students_count>12</students_count>
    </item>
    <item>
      <room_name>Room #509</room_name>
      <students_count>12</students_count>
    </item>
    <item>
      <room_name>Room #247</room_name>
      <students_count>12</students_count>
    </item>
    <item>
      <room_name>Room #293</room_name>
      <students_count>12</students_count>
    </item>
    <item>
      <room_name>Room #221</room_name>
      <students_count>12</students_count>
    </item>
    <item>
      <room_name>Room #818</room_name>
      <students_count>12</students_count>
    </item>
    <item>
      <room_name>Room #250</room_name>
      <students_count>12</students_count>
    </item>
    <item>
      <room_name>Room #238</room_name>
      <students_count>12</students_count>
    </item>
    <item>
      <room_name>Room #120</room_name>
      <students_count>12</students_count>
    </item>
    <item>
      <room_name>Room #654</room_name>
      <students_count>12</students_count>
    </item>
    <item>
      <room_name>Room #588</room_name>
      <students_count>12</students_count>
    </item>
    <item>
      <room_name>Room #981</room_name>
      <students_count>12</students_count>
    </item>
    <item>
      <room_name>Room #8</room_name>
      <students_count>12</students_count>
    </item>
    <item>
      <room_name>Room #865</room_name>
      <students_count>12</students_count>
    </item>
    <item>
      <room_name>Room #532</room_name>
      <students_count>12</students_count>
    </item>
    <item>
      <room_name>Room #213</room_name>
      <students_count>12</students_count>
    </item>
    <item>
      <room_name>Room #29</room_name>
      <students_count>12</students_count>
    </item>
    <item>
      <room_name>Room #347</room_name>
      <students_count>12</students_count>
    </item>
    <item>
      <room_name>Room #784</room_name>
      <students_count>12</students_count>
    </item>
    <item>
      <room_name>Room #618</room_name>
      <students_count>12</students_count>
    </item>
    <item>
      <room_name>Room #46</room_name>
      <students_count>12</students_count>
    </item>
    <item>
      <room_name>Room #117</room_name>
      <students_count>12</students_count>
    </item>
    <item>
      <room_name>Room #711</room_name>
      <students_count>12</students_count>
    </item>
    <item>
      <room_name>Room #69</room_name>
      <students_count>12</students_count>
    </item>
    <item>
      <room_name>Room #189</room_name>
      <students_count>12</students_count>
    </item>
    <item>
      <room_name>Room #999</room_name>
      <students_count>12</students_count>
    </item>
    <item>
      <room_name>Room #188</room_name>
      <students_count>12</students_count>
    </item>
    <item>
      <room_name>Room #950</room_name>
      <students_count>12</students_count>
    </item>
    <item>
      <room_name>Room #909</room_name>
      <students_count>12</students_count>
    </item>
    <item>
      <room_name>Room #866</room_name>
      <students_count>12</students_count>
    </item>
    <item>
      <room_name>Room #11</room_name>
      <students_count>12</students_count>
    </item>
    <item>
      <room_name>Room #93</room_name>
      <students_count>12</students_count>
    </item>
    <item>
      <room_name>Room #629</room_name>
      <students_count>12</students_count>
    </item>
    <item>
      <room_name>Room #545</room_name>
      <students_count>12</students_count>
    </item>
    <item>
      <room_name>Room #379</room_name>
      <students_count>12</students_count>
    </item>
    <item>
      <room_name>Room #843</room_name>
      <students_count>12</students_count>
    </item>
    <item>
      <room_name>Room #300</room_name>
      <students_count>12</students_count>
    </item>
    <item>
      <room_name>Room #713</room_name>
      <students_count>12</students_count>
    </item>
    <item>
      <room_name>Room #743</room_name>
      <students_count>12</students_count>
    </item>
    <item>
      <room_name>Room #938</room_name>
      <students_count>12</students_count>
    </item>
    <item>
      <room_name>Room #795</room_name>
      <students_count>12</students_count>
    </item>
    <item>
      <room_name>Room #729</room_name>
      <students_count>12</students_count>
    </item>
    <item>
      <room_name>Room #146</room_name>
      <students_count>12</students_count>
    </item>
    <item>
      <room_name>Room #249</room_name>
      <students_count>12</students_count>
    </item>
    <item>
      <room_name>Room #37</room_name>
      <students_count>12</students_count>
    </item>
    <item>
      <room_name>Room #70</room_name>
      <students_count>12</students_count>
    </item>
    <item>
      <room_name>Room #107</room_name>
      <students_count>12</students_count>
    </item>
    <item>
      <room_name>Room #275</room_name>
      <students_count>12</students_count>
    </item>
    <item>
      <room_name>Room #751</room_name>
      <students_count>12</students_count>
    </item>
    <item>
      <room_name>Room #513</room_name>
      <students_count>12</students_count>
    </item>
    <item>
      <room_name>Room #802</room_name>
      <students_count>12</students_count>
    </item>
    <item>
      <room_name>Room #176</room_name>
      <students_count>12</students_count>
    </item>
    <item>
      <room_name>Room #415</room_name>
      <students_count>12</students_count>
    </item>
    <item>
      <room_name>Room #907</room_name>
      <students_count>12</students_count>
    </item>
    <item>
      <room_name>Room #703</room_name>
      <students_count>12</students_count>
    </item>
    <item>
      <room_name>Room #734</room_name>
      <students_count>12</students_count>
    </item>
    <item>
      <room_name>Room #756</room_name>
      <students_count>12</students_count>
    </item>
    <item>
      <room_name>Room #58</room_name>
      <students_count>12</students_count>
    </item>
    <item>
      <room_name>Room #685</room_name>
      <students_count>12</students_count>
    </item>
    <item>
      <room_name>Room #496</room_name>
      <students_count>12</students_count>
    </item>
    <item>
      <room_name>Room #855</room_name>
      <students_count>12</students_count>
    </item>
    <item>
      <room_name>Room #752</room_name>
      <students_count>12</students_count>
    </item>
    <item>
      <room_name>Room #126</room_name>
      <students_count>11</students_count>
    </item>
    <item>
      <room_name>Room #378</room_name>
      <students_count>11</students_count>
    </item>
    <item>
      <room_name>Room #231</room_name>
      <students_count>11</students_count>
    </item>
    <item>
      <room_name>Room #465</room_name>
      <students_count>11</students_count>
    </item>
    <item>
      <room_name>Room #94</room_name>
      <students_count>11</students_count>
    </item>
    <item>
      <room_name>Room #570</room_name>
      <students_count>11</students_count>
    </item>
    <item>
      <room_name>Room #523</room_name>
      <students_count>11</students_count>
    </item>
    <item>
      <room_name>Room #750</room_name>
      <students_count>11</students_count>
    </item>
    <item>
      <room_name>Room #773</room_name>
      <students_count>11</students_count>
    </item>
    <item>
      <room_name>Room #808</room_name>
      <students_count>11</students_count>
    </item>
    <item>
      <room_name>Room #768</room_name>
      <students_count>11</students_count>
    </item>
    <item>
      <room_name>Room #888</room_name>
      <students_count>11</students_count>
    </item>
    <item>
      <room_name>Room #64</room_name>
      <students_count>11</students_count>
    </item>
    <item>
      <room_name>Room #903</room_name>
      <students_count>11</students_count>
    </item>
    <item>
      <room_name>Room #234</room_name>
      <students_count>11</students_count>
    </item>
    <item>
      <room_name>Room #594</room_name>
      <students_count>11</students_count>
    </item>
    <item>
      <room_name>Room #490</room_name>
      <students_count>11</students_count>
    </item>
    <item>
      <room_name>Room #548</room_name>
      <students_count>11</students_count>
    </item>
    <item>
      <room_name>Room #332</room_name>
      <students_count>11</students_count>
    </item>
    <item>
      <room_name>Room #98</room_name>
      <students_count>11</students_count>
    </item>
    <item>
      <room_name>Room #881</room_name>
      <students_count>11</students_count>
    </item>
    <item>
      <room_name>Room #312</room_name>
      <students_count>11</students_count>
    </item>
    <item>
      <room_name>Room #90</room_name>
      <students_count>11</students_count>
    </item>
    <item>
      <room_name>Room #846</room_name>
      <students_count>11</students_count>
    </item>
    <item>
      <room_name>Room #463</room_name>
      <students_count>11</students_count>
    </item>
    <item>
      <room_name>Room #584</room_name>
      <students_count>11</students_count>
    </item>
    <item>
      <room_name>Room #319</room_name>
      <students_count>11</students_count>
    </item>
    <item>
      <room_name>Room #844</room_name>
      <students_count>11</students_count>
    </item>
    <item>
      <room_name>Room #40</room_name>
      <students_count>11</students_count>
    </item>
    <item>
      <room_name>Room #350</room_name>
      <students_count>11</students_count>
    </item>
    <item>
      <room_name>Room #336</room_name>
      <students_count>11</students_count>
    </item>
    <item>
      <room_name>Room #967</room_name>
      <students_count>11</students_count>
    </item>
    <item>
      <room_name>Room #946</room_name>
      <students_count>11</students_count>
    </item>
    <item>
      <room_name>Room #878</room_name>
      <students_count>11</students_count>
    </item>
    <item>
      <room_name>Room #84</room_name>
      <students_count>11</students_count>
    </item>
    <item>
      <room_name>Room #708</room_name>
      <students_count>11</students_count>
    </item>
    <item>
      <room_name>Room #316</room_name>
      <students_count>11</students_count>
    </item>
    <item>
      <room_name>Room #294</room_name>
      <students_count>11</students_count>
    </item>
    <item>
      <room_name>Room #235</room_name>
      <students_count>11</students_count>
    </item>
    <item>
      <room_name>Room #837</room_name>
      <students_count>11</students_count>
    </item>
    <item>
      <room_name>Room #803</room_name>
      <students_count>11</students_count>
    </item>
    <item>
      <room_name>Room #701</room_name>
      <students_count>11</students_count>
    </item>
    <item>
      <room_name>Room #142</room_name>
      <students_count>11</students_count>
    </item>
    <item>
      <room_name>Room #400</room_name>
      <students_count>11</students_count>
    </item>
    <item>
      <room_name>Room #446</room_name>
      <students_count>11</students_count>
    </item>
    <item>
      <room_name>Room #728</room_name>
      <students_count>11</students_count>
    </item>
    <item>
      <room_name>Room #552</room_name>
      <students_count>11</students_count>
    </item>
    <item>
      <room_name>Room #682</room_name>
      <students_count>11</students_count>
    </item>
    <item>
      <room_name>Room #149</room_name>
      <students_count>11</students_count>
    </item>
    <item>
      <room_name>Room #386</room_name>
      <students_count>11</students_count>
    </item>
    <item>
      <room_name>Room #280</room_name>
      <students_count>11</students_count>
    </item>
    <item>
      <room_name>Room #592</room_name>
      <students_count>11</students_count>
    </item>
    <item>
      <room_name>Room #144</room_name>
      <students_count>11</students_count>
    </item>
    <item>
      <room_name>Room #367</room_name>
      <students_count>11</students_count>
    </item>
    <item>
      <room_name>Room #941</room_name>
      <students_count>11</students_count>
    </item>
    <item>
      <room_name>Room #518</room_name>
      <students_count>11</students_count>
    </item>
    <item>
      <room_name>Room #607</room_name>
      <students_count>11</students_count>
    </item>
    <item>
      <room_name>Room #112</room_name>
      <students_count>11</students_count>
    </item>
    <item>
      <room_name>Room #845</room_name>
      <students_count>11</students_count>
    </item>
    <item>
      <room_name>Room #271</room_name>
      <students_count>11</students_count>
    </item>
    <item>
      <room_name>Room #468</room_name>
      <students_count>11</students_count>
    </item>
    <item>
      <room_name>Room #174</room_name>
      <students_count>11</students_count>
    </item>
    <item>
      <room_name>Room #83</room_name>
      <students_count>11</students_count>
    </item>
    <item>
      <room_name>Room #767</room_name>
      <students_count>11</students_count>
    </item>
    <item>
      <room_name>Room #385</room_name>
      <students_count>11</students_count>
    </item>
    <item>
      <room_name>Room #207</room_name>
      <students_count>11</students_count>
    </item>
    <item>
      <room_name>Room #891</room_name>
      <students_count>11</students_count>
    </item>
    <item>
      <room_name>Room #137</room_name>
      <students_count>11</students_count>
    </item>
    <item>
      <room_name>Room #132</room_name>
      <students_count>11</students_count>
    </item>
    <item>
      <room_name>Room #284</room_name>
      <students_count>11</students_count>
    </item>
    <item>
      <room_name>Room #601</room_name>
      <students_count>11</students_count>
    </item>
    <item>
      <room_name>Room #762</room_name>
      <students_count>11</students_count>
    </item>
    <item>
      <room_name>Room #900</room_name>
      <students_count>11</students_count>
    </item>
    <item>
      <room_name>Room #438</room_name>
      <students_count>11</students_count>
    </item>
    <item>
      <room_name>Room #702</room_name>
      <students_count>11</students_count>
    </item>
    <item>
      <room_name>Room #937</room_name>
      <students_count>11</students_count>
    </item>
    <item>
      <room_name>Room #358</room_name>
      <students_count>11</students_count>
    </item>
    <item>
      <room_name>Room #193</room_name>
      <students_count>11</students_count>
    </item>
    <item>
      <room_name>Room #528</room_name>
      <students_count>11</students_count>
    </item>
    <item>
      <room_name>Room #821</room_name>
      <students_count>11</students_count>
    </item>
    <item>
      <room_name>Room #114</room_name>
      <students_count>11</students_count>
    </item>
    <item>
      <room_name>Room #966</room_name>
      <students_count>11</students_count>
    </item>
    <item>
      <room_name>Room #330</room_name>
      <students_count>11</students_count>
    </item>
    <item>
      <room_name>Room #256</room_name>
      <students_count>11</students_count>
    </item>
    <item>
      <room_name>Room #953</room_name>
      <students_count>11</students_count>
    </item>
    <item>
      <room_name>Room #877</room_name>
      <students_count>11</students_count>
    </item>
    <item>
      <room_name>Room #227</room_name>
      <students_count>11</students_count>
    </item>
    <item>
      <room_name>Room #127</room_name>
      <students_count>11</students_count>
    </item>
    <item>
      <room_name>Room #381</room_name>
      <students_count>11</students_count>
    </item>
    <item>
      <room_name>Room #942</room_name>
      <students_count>11</students_count>
    </item>
    <item>
      <room_name>Room #717</room_name>
      <students_count>11</students_count>
    </item>
    <item>
      <room_name>Room #61</room_name>
      <students_count>11</students_count>
    </item>
    <item>
      <room_name>Room #459</room_name>
      <students_count>11</students_count>
    </item>
    <item>
      <room_name>Room #867</room_name>
      <students_count>11</students_count>
    </item>
    <item>
      <room_name>Room #613</room_name>
      <students_count>11</students_count>
    </item>
    <item>
      <room_name>Room #314</room_name>
      <students_count>11</students_count>
    </item>
    <item>
      <room_name>Room #467</room_name>
      <students_count>11</students_count>
    </item>
    <item>
      <room_name>Room #435</room_name>
      <students_count>11</students_count>
    </item>
    <item>
      <room_name>Room #233</room_name>
      <students_count>11</students_count>
    </item>
    <item>
      <room_name>Room #304</room_name>
      <students_count>11</students_count>
    </item>
    <item>
      <room_name>Room #252</room_name>
      <students_count>11</students_count>
    </item>
    <item>
      <room_name>Room #338</room_name>
      <students_count>11</students_count>
    </item>
    <item>
      <room_name>Room #431</room_name>
      <students_count>11</students_count>
    </item>
    <item>
      <room_name>Room #376</room_name>
      <students_count>11</students_count>
    </item>
    <item>
      <room_name>Room #643</room_name>
      <students_count>11</students_count>
    </item>
    <item>
      <room_name>Room #825</room_name>
      <students_count>11</students_count>
    </item>
    <item>
      <room_name>Room #337</room_name>
      <students_count>11</students_count>
    </item>
    <item>
      <room_name>Room #797</room_name>
      <students_count>11</students_count>
    </item>
    <item>
      <room_name>Room #439</room_name>
      <students_count>11</students_count>
    </item>
    <item>
      <room_name>Room #4</room_name>
      <students_count>11</students_count>
    </item>
    <item>
      <room_name>Room #977</room_name>
      <students_count>10</students_count>
    </item>
    <item>
      <room_name>Room #45</room_name>
      <students_count>10</students_count>
    </item>
    <item>
      <room_name>Room #162</room_name>
      <students_count>10</students_count>
    </item>
    <item>
      <room_name>Room #609</room_name>
      <students_count>10</students_count>
    </item>
    <item>
      <room_name>Room #16</room_name>
      <students_count>10</students_count>
    </item>
    <item>
      <room_name>Room #945</room_name>
      <students_count>10</students_count>
    </item>
    <item>
      <room_name>Room #362</room_name>
      <students_count>10</students_count>
    </item>
    <item>
      <room_name>Room #407</room_name>
      <students_count>10</students_count>
    </item>
    <item>
      <room_name>Room #301</room_name>
      <students_count>10</students_count>
    </item>
    <item>
      <room_name>Room #536</room_name>
      <students_count>10</students_count>
    </item>
    <item>
      <room_name>Room #391</room_name>
      <students_count>10</students_count>
    </item>
    <item>
      <room_name>Room #828</room_name>
      <students_count>10</students_count>
    </item>
    <item>
      <room_name>Room #245</room_name>
      <students_count>10</students_count>
    </item>
    <item>
      <room_name>Room #239</room_name>
      <students_count>10</students_count>
    </item>
    <item>
      <room_name>Room #471</room_name>
      <students_count>10</students_count>
    </item>
    <item>
      <room_name>Room #688</room_name>
      <students_count>10</students_count>
    </item>
    <item>
      <room_name>Room #121</room_name>
      <students_count>10</students_count>
    </item>
    <item>
      <room_name>Room #236</room_name>
      <students_count>10</students_count>
    </item>
    <item>
      <room_name>Room #67</room_name>
      <students_count>10</students_count>
    </item>
    <item>
      <room_name>Room #244</room_name>
      <students_count>10</students_count>
    </item>
    <item>
      <room_name>Room #282</room_name>
      <students_count>10</students_count>
    </item>
    <item>
      <room_name>Room #620</room_name>
      <students_count>10</students_count>
    </item>
    <item>
      <room_name>Room #13</room_name>
      <students_count>10</students_count>
    </item>
    <item>
      <room_name>Room #208</room_name>
      <students_count>10</students_count>
    </item>
    <item>
      <room_name>Room #315</room_name>
      <students_count>10</students_count>
    </item>
    <item>
      <room_name>Room #921</room_name>
      <students_count>10</students_count>
    </item>
    <item>
      <room_name>Room #911</room_name>
      <students_count>10</students_count>
    </item>
    <item>
      <room_name>Room #277</room_name>
      <students_count>10</students_count>
    </item>
    <item>
      <room_name>Room #483</room_name>
      <students_count>10</students_count>
    </item>
    <item>
      <room_name>Room #215</room_name>
      <students_count>10</students_count>
    </item>
    <item>
      <room_name>Room #576</room_name>
      <students_count>10</students_count>
    </item>
    <item>
      <room_name>Room #785</room_name>
      <students_count>10</students_count>
    </item>
    <item>
      <room_name>Room #742</room_name>
      <students_count>10</students_count>
    </item>
    <item>
      <room_name>Room #455</room_name>
      <students_count>10</students_count>
    </item>
    <item>
      <room_name>Room #108</room_name>
      <students_count>10</students_count>
    </item>
    <item>
      <room_name>Room #501</room_name>
      <students_count>10</students_count>
    </item>
    <item>
      <room_name>Room #922</room_name>
      <students_count>10</students_count>
    </item>
    <item>
      <room_name>Room #621</room_name>
      <students_count>10</students_count>
    </item>
    <item>
      <room_name>Room #692</room_name>
      <students_count>10</students_count>
    </item>
    <item>
      <room_name>Room #38</room_name>
      <students_count>10</students_count>
    </item>
    <item>
      <room_name>Room #307</room_name>
      <students_count>10</students_count>
    </item>
    <item>
      <room_name>Room #306</room_name>
      <students_count>10</students_count>
    </item>
    <item>
      <room_name>Room #477</room_name>
      <students_count>10</students_count>
    </item>
    <item>
      <room_name>Room #988</room_name>
      <students_count>10</students_count>
    </item>
    <item>
      <room_name>Room #429</room_name>
      <students_count>10</students_count>
    </item>
    <item>
      <room_name>Room #160</room_name>
      <students_count>10</students_count>
    </item>
    <item>
      <room_name>Room #291</room_name>
      <students_count>10</students_count>
    </item>
    <item>
      <room_name>Room #122</room_name>
      <students_count>10</students_count>
    </item>
    <item>
      <room_name>Room #511</room_name>
      <students_count>10</students_count>
    </item>
    <item>
      <room_name>Room #623</room_name>
      <students_count>10</students_count>
    </item>
    <item>
      <room_name>Room #834</room_name>
      <students_count>10</students_count>
    </item>
    <item>
      <room_name>Room #230</room_name>
      <students_count>10</students_count>
    </item>
    <item>
      <room_name>Room #414</room_name>
      <students_count>10</students_count>
    </item>
    <item>
      <room_name>Room #630</room_name>
      <students_count>10</students_count>
    </item>
    <item>
      <room_name>Room #269</room_name>
      <students_count>10</students_count>
    </item>
    <item>
      <room_name>Room #935</room_name>
      <students_count>10</students_count>
    </item>
    <item>
      <room_name>Room #989</room_name>
      <students_count>10</students_count>
    </item>
    <item>
      <room_name>Room #684</room_name>
      <students_count>10</students_count>
    </item>
    <item>
      <room_name>Room #670</room_name>
      <students_count>10</students_count>
    </item>
    <item>
      <room_name>Room #533</room_name>
      <students_count>10</students_count>
    </item>
    <item>
      <room_name>Room #7</room_name>
      <students_count>10</students_count>
    </item>
    <item>
      <room_name>Room #346</room_name>
      <students_count>10</students_count>
    </item>
    <item>
      <room_name>Room #933</room_name>
      <students_count>10</students_count>
    </item>
    <item>
      <room_name>Room #276</room_name>
      <students_count>10</students_count>
    </item>
    <item>
      <room_name>Room #503</room_name>
      <students_count>10</students_count>
    </item>
    <item>
      <room_name>Room #560</room_name>
      <students_count>10</students_count>
    </item>
    <item>
      <room_name>Room #979</room_name>
      <students_count>10</students_count>
    </item>
    <item>
      <room_name>Room #617</room_name>
      <students_count>10</students_count>
    </item>
    <item>
      <room_name>Room #285</room_name>
      <students_count>10</students_count>
    </item>
    <item>
      <room_name>Room #567</room_name>
      <students_count>10</students_count>
    </item>
    <item>
      <room_name>Room #856</room_name>
      <students_count>10</students_count>
    </item>
    <item>
      <room_name>Room #329</room_name>
      <students_count>10</students_count>
    </item>
    <item>
      <room_name>Room #279</room_name>
      <students_count>10</students_count>
    </item>
    <item>
      <room_name>Room #680</room_name>
      <students_count>10</students_count>
    </item>
    <item>
      <room_name>Room #165</room_name>
      <students_count>10</students_count>
    </item>
    <item>
      <room_name>Room #805</room_name>
      <students_count>10</students_count>
    </item>
    <item>
      <room_name>Room #816</room_name>
      <students_count>10</students_count>
    </item>
    <item>
      <room_name>Room #308</room_name>
      <students_count>10</students_count>
    </item>
    <item>
      <room_name>Room #852</room_name>
      <students_count>10</students_count>
    </item>
    <item>
      <room_name>Room #949</room_name>
      <students_count>10</students_count>
    </item>
    <item>
      <room_name>Room #241</room_name>
      <students_count>10</students_count>
    </item>
    <item>
      <room_name>Room #173</room_name>
      <students_count>10</students_count>
    </item>
    <item>
      <room_name>Room #274</room_name>
      <students_count>10</students_count>
    </item>
    <item>
      <room_name>Room #822</room_name>
      <students_count>10</students_count>
    </item>
    <item>
      <room_name>Room #118</room_name>
      <students_count>10</students_count>
    </item>
    <item>
      <room_name>Room #270</room_name>
      <students_count>10</students_count>
    </item>
    <item>
      <room_name>Room #370</room_name>
      <students_count>10</students_count>
    </item>
    <item>
      <room_name>Room #428</room_name>
      <students_count>10</students_count>
    </item>
    <item>
      <room_name>Room #402</room_name>
      <students_count>10</students_count>
    </item>
    <item>
      <room_name>Room #292</room_name>
      <students_count>10</students_count>
    </item>
    <item>
      <room_name>Room #334</room_name>
      <students_count>10</students_count>
    </item>
    <item>
      <room_name>Room #789</room_name>
      <students_count>10</students_count>
    </item>
    <item>
      <room_name>Room #453</room_name>
      <students_count>10</students_count>
    </item>
    <item>
      <room_name>Room #111</room_name>
      <students_count>10</students_count>
    </item>
    <item>
      <room_name>Room #574</room_name>
      <students_count>10</students_count>
    </item>
    <item>
      <room_name>Room #651</room_name>
      <students_count>10</students_count>
    </item>
    <item>
      <room_name>Room #672</room_name>
      <students_count>10</students_count>
    </item>
    <item>
      <room_name>Room #871</room_name>
      <students_count>10</students_count>
    </item>
    <item>
      <room_name>Room #130</room_name>
      <students_count>10</students_count>
    </item>
    <item>
      <room_name>Room #910</room_name>
      <students_count>10</students_count>
    </item>
    <item>
      <room_name>Room #91</room_name>
      <students_count>10</students_count>
    </item>
    <item>
      <room_name>Room #892</room_name>
      <students_count>10</students_count>
    </item>
    <item>
      <room_name>Room #650</room_name>
      <students_count>10</students_count>
    </item>
    <item>
      <room_name>Room #814</room_name>
      <students_count>10</students_count>
    </item>
    <item>
      <room_name>Room #172</room_name>
      <students_count>10</students_count>
    </item>
    <item>
      <room_name>Room #899</room_name>
      <students_count>10</students_count>
    </item>
    <item>
      <room_name>Room #546</room_name>
      <students_count>10</students_count>
    </item>
    <item>
      <room_name>Room #220</room_name>
      <students_count>10</students_count>
    </item>
    <item>
      <room_name>Room #504</room_name>
      <students_count>10</students_count>
    </item>
    <item>
      <room_name>Room #310</room_name>
      <students_count>10</students_count>
    </item>
    <item>
      <room_name>Room #693</room_name>
      <students_count>10</students_count>
    </item>
    <item>
      <room_name>Room #606</room_name>
      <students_count>10</students_count>
    </item>
    <item>
      <room_name>Room #801</room_name>
      <students_count>10</students_count>
    </item>
    <item>
      <room_name>Room #625</room_name>
      <students_count>10</students_count>
    </item>
    <item>
      <room_name>Room #143</room_name>
      <students_count>10</students_count>
    </item>
    <item>
      <room_name>Room #906</room_name>
      <students_count>10</students_count>
    </item>
    <item>
      <room_name>Room #101</room_name>
      <students_count>10</students_count>
    </item>
    <item>
      <room_name>Room #18</room_name>
      <students_count>10</students_count>
    </item>
    <item>
      <room_name>Room #791</room_name>
      <students_count>10</students_count>
    </item>
    <item>
      <room_name>Room #71</room_name>
      <students_count>10</students_count>
    </item>
    <item>
      <room_name>Room #526</room_name>
      <students_count>10</students_count>
    </item>
    <item>
      <room_name>Room #602</room_name>
      <students_count>10</students_count>
    </item>
    <item>
      <room_name>Room #515</room_name>
      <students_count>10</students_count>
    </item>
    <item>
      <room_name>Room #612</room_name>
      <students_count>10</students_count>
    </item>
    <item>
      <room_name>Room #658</room_name>
      <students_count>10</students_count>
    </item>
    <item>
      <room_name>Room #769</room_name>
      <students_count>10</students_count>
    </item>
    <item>
      <room_name>Room #993</room_name>
      <students_count>10</students_count>
    </item>
    <item>
      <room_name>Room #36</room_name>
      <students_count>10</students_count>
    </item>
    <item>
      <room_name>Room #426</room_name>
      <students_count>10</students_count>
    </item>
    <item>
      <room_name>Room #179</room_name>
      <students_count>10</students_count>
    </item>
    <item>
      <room_name>Room #387</room_name>
      <students_count>10</students_count>
    </item>
    <item>
      <room_name>Room #500</room_name>
      <students_count>10</students_count>
    </item>
    <item>
      <room_name>Room #43</room_name>
      <students_count>9</students_count>
    </item>
    <item>
      <room_name>Room #433</room_name>
      <students_count>9</students_count>
    </item>
    <item>
      <room_name>Room #263</room_name>
      <students_count>9</students_count>
    </item>
    <item>
      <room_name>Room #764</room_name>
      <students_count>9</students_count>
    </item>
    <item>
      <room_name>Room #430</room_name>
      <students_count>9</students_count>
    </item>
    <item>
      <room_name>Room #566</room_name>
      <students_count>9</students_count>
    </item>
    <item>
      <room_name>Room #826</room_name>
      <students_count>9</students_count>
    </item>
    <item>
      <room_name>Room #298</room_name>
      <students_count>9</students_count>
    </item>
    <item>
      <room_name>Room #63</room_name>
      <students_count>9</students_count>
    </item>
    <item>
      <room_name>Room #897</room_name>
      <students_count>9</students_count>
    </item>
    <item>
      <room_name>Room #598</room_name>
      <students_count>9</students_count>
    </item>
    <item>
      <room_name>Room #705</room_name>
      <students_count>9</students_count>
    </item>
    <item>
      <room_name>Room #761</room_name>
      <students_count>9</students_count>
    </item>
    <item>
      <room_name>Room #322</room_name>
      <students_count>9</students_count>
    </item>
    <item>
      <room_name>Room #96</room_name>
      <students_count>9</students_count>
    </item>
    <item>
      <room_name>Room #454</room_name>
      <students_count>9</students_count>
    </item>
    <item>
      <room_name>Room #706</room_name>
      <students_count>9</students_count>
    </item>
    <item>
      <room_name>Room #562</room_name>
      <students_count>9</students_count>
    </item>
    <item>
      <room_name>Room #243</room_name>
      <students_count>9</students_count>
    </item>
    <item>
      <room_name>Room #957</room_name>
      <students_count>9</students_count>
    </item>
    <item>
      <room_name>Room #389</room_name>
      <students_count>9</students_count>
    </item>
    <item>
      <room_name>Room #166</room_name>
      <students_count>9</students_count>
    </item>
    <item>
      <room_name>Room #683</room_name>
      <students_count>9</students_count>
    </item>
    <item>
      <room_name>Room #106</room_name>
      <students_count>9</students_count>
    </item>
    <item>
      <room_name>Room #775</room_name>
      <students_count>9</students_count>
    </item>
    <item>
      <room_name>Room #565</room_name>
      <students_count>9</students_count>
    </item>
    <item>
      <room_name>Room #374</room_name>
      <students_count>9</students_count>
    </item>
    <item>
      <room_name>Room #100</room_name>
      <students_count>9</students_count>
    </item>
    <item>
      <room_name>Room #421</room_name>
      <students_count>9</students_count>
    </item>
    <item>
      <room_name>Room #273</room_name>
      <students_count>9</students_count>
    </item>
    <item>
      <room_name>Room #34</room_name>
      <students_count>9</students_count>
    </item>
    <item>
      <room_name>Room #932</room_name>
      <students_count>9</students_count>
    </item>
    <item>
      <room_name>Room #290</room_name>
      <students_count>9</students_count>
    </item>
    <item>
      <room_name>Room #481</room_name>
      <students_count>9</students_count>
    </item>
    <item>
      <room_name>Room #55</room_name>
      <students_count>9</students_count>
    </item>
    <item>
      <room_name>Room #975</room_name>
      <students_count>9</students_count>
    </item>
    <item>
      <room_name>Room #655</room_name>
      <students_count>9</students_count>
    </item>
    <item>
      <room_name>Room #868</room_name>
      <students_count>9</students_count>
    </item>
    <item>
      <room_name>Room #696</room_name>
      <students_count>9</students_count>
    </item>
    <item>
      <room_name>Room #53</room_name>
      <students_count>9</students_count>
    </item>
    <item>
      <room_name>Room #824</room_name>
      <students_count>9</students_count>
    </item>
    <item>
      <room_name>Room #303</room_name>
      <students_count>9</students_count>
    </item>
    <item>
      <room_name>Room #476</room_name>
      <students_count>9</students_count>
    </item>
    <item>
      <room_name>Room #512</room_name>
      <students_count>9</students_count>
    </item>
    <item>
      <room_name>Room #411</room_name>
      <students_count>9</students_count>
    </item>
    <item>
      <room_name>Room #927</room_name>
      <students_count>9</students_count>
    </item>
    <item>
      <room_name>Room #288</room_name>
      <students_count>9</students_count>
    </item>
    <item>
      <room_name>Room #596</room_name>
      <students_count>9</students_count>
    </item>
    <item>
      <room_name>Room #33</room_name>
      <students_count>9</students_count>
    </item>
    <item>
      <room_name>Room #770</room_name>
      <students_count>9</students_count>
    </item>
    <item>
      <room_name>Room #880</room_name>
      <students_count>9</students_count>
    </item>
    <item>
      <room_name>Room #697</room_name>
      <students_count>9</students_count>
    </item>
    <item>
      <room_name>Room #2</room_name>
      <students_count>9</students_count>
    </item>
    <item>
      <room_name>Room #859</room_name>
      <students_count>9</students_count>
    </item>
    <item>
      <room_name>Room #815</room_name>
      <students_count>9</students_count>
    </item>
    <item>
      <room_name>Room #475</room_name>
      <students_count>9</students_count>
    </item>
    <item>
      <room_name>Room #807</room_name>
      <students_count>9</students_count>
    </item>
    <item>
      <room_name>Room #929</room_name>
      <students_count>9</students_count>
    </item>
    <item>
      <room_name>Room #222</room_name>
      <students_count>9</students_count>
    </item>
    <item>
      <room_name>Room #939</room_name>
      <students_count>9</students_count>
    </item>
    <item>
      <room_name>Room #77</room_name>
      <students_count>9</students_count>
    </item>
    <item>
      <room_name>Room #819</room_name>
      <students_count>9</students_count>
    </item>
    <item>
      <room_name>Room #858</room_name>
      <students_count>9</students_count>
    </item>
    <item>
      <room_name>Room #736</room_name>
      <students_count>9</students_count>
    </item>
    <item>
      <room_name>Room #722</room_name>
      <students_count>9</students_count>
    </item>
    <item>
      <room_name>Room #587</room_name>
      <students_count>9</students_count>
    </item>
    <item>
      <room_name>Room #529</room_name>
      <students_count>9</students_count>
    </item>
    <item>
      <room_name>Room #833</room_name>
      <students_count>9</students_count>
    </item>
    <item>
      <room_name>Room #399</room_name>
      <students_count>9</students_count>
    </item>
    <item>
      <room_name>Room #542</room_name>
      <students_count>9</students_count>
    </item>
    <item>
      <room_name>Room #458</room_name>
      <students_count>9</students_count>
    </item>
    <item>
      <room_name>Room #746</room_name>
      <students_count>9</students_count>
    </item>
    <item>
      <room_name>Room #583</room_name>
      <students_count>9</students_count>
    </item>
    <item>
      <room_name>Room #973</room_name>
      <students_count>9</students_count>
    </item>
    <item>
      <room_name>Room #417</room_name>
      <students_count>9</students_count>
    </item>
    <item>
      <room_name>Room #203</room_name>
      <students_count>9</students_count>
    </item>
    <item>
      <room_name>Room #60</room_name>
      <students_count>9</students_count>
    </item>
    <item>
      <room_name>Room #883</room_name>
      <students_count>9</students_count>
    </item>
    <item>
      <room_name>Room #228</room_name>
      <students_count>9</students_count>
    </item>
    <item>
      <room_name>Room #190</room_name>
      <students_count>9</students_count>
    </item>
    <item>
      <room_name>Room #923</room_name>
      <students_count>9</students_count>
    </item>
    <item>
      <room_name>Room #47</room_name>
      <students_count>9</students_count>
    </item>
    <item>
      <room_name>Room #642</room_name>
      <students_count>9</students_count>
    </item>
    <item>
      <room_name>Room #690</room_name>
      <students_count>9</students_count>
    </item>
    <item>
      <room_name>Room #508</room_name>
      <students_count>9</students_count>
    </item>
    <item>
      <room_name>Room #673</room_name>
      <students_count>9</students_count>
    </item>
    <item>
      <room_name>Room #341</room_name>
      <students_count>9</students_count>
    </item>
    <item>
      <room_name>Room #425</room_name>
      <students_count>9</students_count>
    </item>
    <item>
      <room_name>Room #22</room_name>
      <students_count>9</students_count>
    </item>
    <item>
      <room_name>Room #408</room_name>
      <students_count>9</students_count>
    </item>
    <item>
      <room_name>Room #32</room_name>
      <students_count>9</students_count>
    </item>
    <item>
      <room_name>Room #674</room_name>
      <students_count>9</students_count>
    </item>
    <item>
      <room_name>Room #110</room_name>
      <students_count>9</students_count>
    </item>
    <item>
      <room_name>Room #720</room_name>
      <students_count>9</students_count>
    </item>
    <item>
      <room_name>Room #757</room_name>
      <students_count>9</students_count>
    </item>
    <item>
      <room_name>Room #632</room_name>
      <students_count>9</students_count>
    </item>
    <item>
      <room_name>Room #917</room_name>
      <students_count>9</students_count>
    </item>
    <item>
      <room_name>Room #278</room_name>
      <students_count>9</students_count>
    </item>
    <item>
      <room_name>Room #30</room_name>
      <students_count>9</students_count>
    </item>
    <item>
      <room_name>Room #839</room_name>
      <students_count>9</students_count>
    </item>
    <item>
      <room_name>Room #971</room_name>
      <students_count>9</students_count>
    </item>
    <item>
      <room_name>Room #5</room_name>
      <students_count>9</students_count>
    </item>
    <item>
      <room_name>Room #57</room_name>
      <students_count>9</students_count>
    </item>
    <item>
      <room_name>Room #869</room_name>
      <students_count>9</students_count>
    </item>
    <item>
      <room_name>Room #413</room_name>
      <students_count>9</students_count>
    </item>
    <item>
      <room_name>Room #745</room_name>
      <students_count>9</students_count>
    </item>
    <item>
      <room_name>Room #707</room_name>
      <students_count>9</students_count>
    </item>
    <item>
      <room_name>Room #849</room_name>
      <students_count>9</students_count>
    </item>
    <item>
      <room_name>Room #17</room_name>
      <students_count>9</students_count>
    </item>
    <item>
      <room_name>Room #88</room_name>
      <students_count>9</students_count>
    </item>
    <item>
      <room_name>Room #388</room_name>
      <students_count>9</students_count>
    </item>
    <item>
      <room_name>Room #204</room_name>
      <students_count>9</students_count>
    </item>
    <item>
      <room_name>Room #861</room_name>
      <students_count>9</students_count>
    </item>
    <item>
      <room_name>Room #0</room_name>
      <students_count>9</students_count>
    </item>
    <item>
      <room_name>Room #962</room_name>
      <students_count>9</students_count>
    </item>
    <item>
      <room_name>Room #619</room_name>
      <students_count>9</students_count>
    </item>
    <item>
      <room_name>Room #115</room_name>
      <students_count>9</students_count>
    </item>
    <item>
      <room_name>Room #434</room_name>
      <students_count>9</students_count>
    </item>
    <item>
      <room_name>Room #748</room_name>
      <students_count>9</students_count>
    </item>
    <item>
      <room_name>Room #739</room_name>
      <students_count>9</students_count>
    </item>
    <item>
      <room_name>Room #211</room_name>
      <students_count>9</students_count>
    </item>
    <item>
      <room_name>Room #474</room_name>
      <students_count>9</students_count>
    </item>
    <item>
      <room_name>Room #997</room_name>
      <students_count>9</students_count>
    </item>
    <item>
      <room_name>Room #59</room_name>
      <students_count>9</students_count>
    </item>
    <item>
      <room_name>Room #780</room_name>
      <students_count>9</students_count>
    </item>
    <item>
      <room_name>Room #671</room_name>
      <students_count>9</students_count>
    </item>
    <item>
      <room_name>Room #649</room_name>
      <students_count>9</students_count>
    </item>
    <item>
      <room_name>Room #113</room_name>
      <students_count>9</students_count>
    </item>
    <item>
      <room_name>Room #991</room_name>
      <students_count>9</students_count>
    </item>
    <item>
      <room_name>Room #86</room_name>
      <students_count>9</students_count>
    </item>
    <item>
      <room_name>Room #517</room_name>
      <students_count>9</students_count>
    </item>
    <item>
      <room_name>Room #647</room_name>
      <students_count>9</students_count>
    </item>
    <item>
      <room_name>Room #15</room_name>
      <students_count>9</students_count>
    </item>
    <item>
      <room_name>Room #507</room_name>
      <students_count>9</students_count>
    </item>
    <item>
      <room_name>Room #210</room_name>
      <students_count>9</students_count>
    </item>
    <item>
      <room_name>Room #156</room_name>
      <students_count>9</students_count>
    </item>
    <item>
      <room_name>Room #394</room_name>
      <students_count>9</students_count>
    </item>
    <item>
      <room_name>Room #360</room_name>
      <students_count>8</students_count>
    </item>
    <item>
      <room_name>Room #257</room_name>
      <students_count>8</students_count>
    </item>
    <item>
      <room_name>Room #427</room_name>
      <students_count>8</students_count>
    </item>
    <item>
      <room_name>Room #840</room_name>
      <students_count>8</students_count>
    </item>
    <item>
      <room_name>Room #727</room_name>
      <students_count>8</students_count>
    </item>
    <item>
      <room_name>Room #901</room_name>
      <students_count>8</students_count>
    </item>
    <item>
      <room_name>Room #424</room_name>
      <students_count>8</students_count>
    </item>
    <item>
      <room_name>Room #393</room_name>
      <students_count>8</students_count>
    </item>
    <item>
      <room_name>Room #202</room_name>
      <students_count>8</students_count>
    </item>
    <item>
      <room_name>Room #890</room_name>
      <students_count>8</students_count>
    </item>
    <item>
      <room_name>Room #449</room_name>
      <students_count>8</students_count>
    </item>
    <item>
      <room_name>Room #691</room_name>
      <students_count>8</students_count>
    </item>
    <item>
      <room_name>Room #787</room_name>
      <students_count>8</students_count>
    </item>
    <item>
      <room_name>Room #974</room_name>
      <students_count>8</students_count>
    </item>
    <item>
      <room_name>Room #928</room_name>
      <students_count>8</students_count>
    </item>
    <item>
      <room_name>Room #129</room_name>
      <students_count>8</students_count>
    </item>
    <item>
      <room_name>Room #539</room_name>
      <students_count>8</students_count>
    </item>
    <item>
      <room_name>Room #889</room_name>
      <students_count>8</students_count>
    </item>
    <item>
      <room_name>Room #296</room_name>
      <students_count>8</students_count>
    </item>
    <item>
      <room_name>Room #610</room_name>
      <students_count>8</students_count>
    </item>
    <item>
      <room_name>Room #42</room_name>
      <students_count>8</students_count>
    </item>
    <item>
      <room_name>Room #896</room_name>
      <students_count>8</students_count>
    </item>
    <item>
      <room_name>Room #212</room_name>
      <students_count>8</students_count>
    </item>
    <item>
      <room_name>Room #790</room_name>
      <students_count>8</students_count>
    </item>
    <item>
      <room_name>Room #119</room_name>
      <students_count>8</students_count>
    </item>
    <item>
      <room_name>Room #549</room_name>
      <students_count>8</students_count>
    </item>
    <item>
      <room_name>Room #470</room_name>
      <students_count>8</students_count>
    </item>
    <item>
      <room_name>Room #299</room_name>
      <students_count>8</students_count>
    </item>
    <item>
      <room_name>Room #676</room_name>
      <students_count>8</students_count>
    </item>
    <item>
      <room_name>Room #125</room_name>
      <students_count>8</students_count>
    </item>
    <item>
      <room_name>Room #499</room_name>
      <students_count>8</students_count>
    </item>
    <item>
      <room_name>Room #666</room_name>
      <students_count>8</students_count>
    </item>
    <item>
      <room_name>Room #668</room_name>
      <students_count>8</students_count>
    </item>
    <item>
      <room_name>Room #604</room_name>
      <students_count>8</students_count>
    </item>
    <item>
      <room_name>Room #577</room_name>
      <students_count>8</students_count>
    </item>
    <item>
      <room_name>Room #960</room_name>
      <students_count>8</students_count>
    </item>
    <item>
      <room_name>Room #147</room_name>
      <students_count>8</students_count>
    </item>
    <item>
      <room_name>Room #853</room_name>
      <students_count>8</students_count>
    </item>
    <item>
      <room_name>Room #164</room_name>
      <students_count>8</students_count>
    </item>
    <item>
      <room_name>Room #364</room_name>
      <students_count>8</students_count>
    </item>
    <item>
      <room_name>Room #996</room_name>
      <students_count>8</students_count>
    </item>
    <item>
      <room_name>Room #704</room_name>
      <students_count>8</students_count>
    </item>
    <item>
      <room_name>Room #641</room_name>
      <students_count>8</students_count>
    </item>
    <item>
      <room_name>Room #295</room_name>
      <students_count>8</students_count>
    </item>
    <item>
      <room_name>Room #502</room_name>
      <students_count>8</students_count>
    </item>
    <item>
      <room_name>Room #760</room_name>
      <students_count>8</students_count>
    </item>
    <item>
      <room_name>Room #635</room_name>
      <students_count>8</students_count>
    </item>
    <item>
      <room_name>Room #951</room_name>
      <students_count>8</students_count>
    </item>
    <item>
      <room_name>Room #397</room_name>
      <students_count>8</students_count>
    </item>
    <item>
      <room_name>Room #313</room_name>
      <students_count>8</students_count>
    </item>
    <item>
      <room_name>Room #925</room_name>
      <students_count>8</students_count>
    </item>
    <item>
      <room_name>Room #380</room_name>
      <students_count>8</students_count>
    </item>
    <item>
      <room_name>Room #796</room_name>
      <students_count>8</students_count>
    </item>
    <item>
      <room_name>Room #639</room_name>
      <students_count>8</students_count>
    </item>
    <item>
      <room_name>Room #782</room_name>
      <students_count>8</students_count>
    </item>
    <item>
      <room_name>Room #194</room_name>
      <students_count>8</students_count>
    </item>
    <item>
      <room_name>Room #982</room_name>
      <students_count>8</students_count>
    </item>
    <item>
      <room_name>Room #524</room_name>
      <students_count>8</students_count>
    </item>
    <item>
      <room_name>Room #644</room_name>
      <students_count>8</students_count>
    </item>
    <item>
      <room_name>Room #947</room_name>
      <students_count>8</students_count>
    </item>
    <item>
      <room_name>Room #830</room_name>
      <students_count>8</students_count>
    </item>
    <item>
      <room_name>Room #232</room_name>
      <students_count>8</students_count>
    </item>
    <item>
      <room_name>Room #605</room_name>
      <students_count>8</students_count>
    </item>
    <item>
      <room_name>Room #678</room_name>
      <students_count>8</students_count>
    </item>
    <item>
      <room_name>Room #551</room_name>
      <students_count>8</students_count>
    </item>
    <item>
      <room_name>Room #409</room_name>
      <students_count>8</students_count>
    </item>
    <item>
      <room_name>Room #375</room_name>
      <students_count>8</students_count>
    </item>
    <item>
      <room_name>Room #753</room_name>
      <students_count>8</students_count>
    </item>
    <item>
      <room_name>Room #254</room_name>
      <students_count>8</students_count>
    </item>
    <item>
      <room_name>Room #461</room_name>
      <students_count>8</students_count>
    </item>
    <item>
      <room_name>Room #774</room_name>
      <students_count>8</students_count>
    </item>
    <item>
      <room_name>Room #416</room_name>
      <students_count>8</students_count>
    </item>
    <item>
      <room_name>Room #248</room_name>
      <students_count>8</students_count>
    </item>
    <item>
      <room_name>Room #262</room_name>
      <students_count>8</students_count>
    </item>
    <item>
      <room_name>Room #185</room_name>
      <students_count>8</students_count>
    </item>
    <item>
      <room_name>Room #339</room_name>
      <students_count>8</students_count>
    </item>
    <item>
      <room_name>Room #735</room_name>
      <students_count>8</students_count>
    </item>
    <item>
      <room_name>Room #99</room_name>
      <students_count>8</students_count>
    </item>
    <item>
      <room_name>Room #180</room_name>
      <students_count>8</students_count>
    </item>
    <item>
      <room_name>Room #712</room_name>
      <students_count>8</students_count>
    </item>
    <item>
      <room_name>Room #472</room_name>
      <students_count>8</students_count>
    </item>
    <item>
      <room_name>Room #95</room_name>
      <students_count>8</students_count>
    </item>
    <item>
      <room_name>Room #593</room_name>
      <students_count>8</students_count>
    </item>
    <item>
      <room_name>Room #765</room_name>
      <students_count>8</students_count>
    </item>
    <item>
      <room_name>Room #258</room_name>
      <students_count>8</students_count>
    </item>
    <item>
      <room_name>Room #920</room_name>
      <students_count>8</students_count>
    </item>
    <item>
      <room_name>Room #445</room_name>
      <students_count>8</students_count>
    </item>
    <item>
      <room_name>Room #904</room_name>
      <students_count>8</students_count>
    </item>
    <item>
      <room_name>Room #226</room_name>
      <students_count>8</students_count>
    </item>
    <item>
      <room_name>Room #667</room_name>
      <students_count>8</students_count>
    </item>
    <item>
      <room_name>Room #687</room_name>
      <students_count>8</students_count>
    </item>
    <item>
      <room_name>Room #648</room_name>
      <students_count>8</students_count>
    </item>
    <item>
      <room_name>Room #349</room_name>
      <students_count>8</students_count>
    </item>
    <item>
      <room_name>Room #218</room_name>
      <students_count>8</students_count>
    </item>
    <item>
      <room_name>Room #377</room_name>
      <students_count>8</students_count>
    </item>
    <item>
      <room_name>Room #78</room_name>
      <students_count>8</students_count>
    </item>
    <item>
      <room_name>Room #555</room_name>
      <students_count>8</students_count>
    </item>
    <item>
      <room_name>Room #959</room_name>
      <students_count>8</students_count>
    </item>
    <item>
      <room_name>Room #586</room_name>
      <students_count>8</students_count>
    </item>
    <item>
      <room_name>Room #462</room_name>
      <students_count>8</students_count>
    </item>
    <item>
      <room_name>Room #281</room_name>
      <students_count>8</students_count>
    </item>
    <item>
      <room_name>Room #944</room_name>
      <students_count>8</students_count>
    </item>
    <item>
      <room_name>Room #444</room_name>
      <students_count>8</students_count>
    </item>
    <item>
      <room_name>Room #783</room_name>
      <students_count>8</students_count>
    </item>
    <item>
      <room_name>Room #251</room_name>
      <students_count>8</students_count>
    </item>
    <item>
      <room_name>Room #335</room_name>
      <students_count>8</students_count>
    </item>
    <item>
      <room_name>Room #718</room_name>
      <students_count>8</students_count>
    </item>
    <item>
      <room_name>Room #653</room_name>
      <students_count>8</students_count>
    </item>
    <item>
      <room_name>Room #163</room_name>
      <students_count>8</students_count>
    </item>
    <item>
      <room_name>Room #352</room_name>
      <students_count>8</students_count>
    </item>
    <item>
      <room_name>Room #302</room_name>
      <students_count>8</students_count>
    </item>
    <item>
      <room_name>Room #916</room_name>
      <students_count>8</students_count>
    </item>
    <item>
      <room_name>Room #327</room_name>
      <students_count>8</students_count>
    </item>
    <item>
      <room_name>Room #131</room_name>
      <students_count>8</students_count>
    </item>
    <item>
      <room_name>Room #72</room_name>
      <students_count>8</students_count>
    </item>
    <item>
      <room_name>Room #492</room_name>
      <students_count>8</students_count>
    </item>
    <item>
      <room_name>Room #531</room_name>
      <students_count>8</students_count>
    </item>
    <item>
      <room_name>Room #624</room_name>
      <students_count>8</students_count>
    </item>
    <item>
      <room_name>Room #272</room_name>
      <students_count>8</students_count>
    </item>
    <item>
      <room_name>Room #192</room_name>
      <students_count>8</students_count>
    </item>
    <item>
      <room_name>Room #320</room_name>
      <students_count>7</students_count>
    </item>
    <item>
      <room_name>Room #109</room_name>
      <students_count>7</students_count>
    </item>
    <item>
      <room_name>Room #595</room_name>
      <students_count>7</students_count>
    </item>
    <item>
      <room_name>Room #340</room_name>
      <students_count>7</students_count>
    </item>
    <item>
      <room_name>Room #976</room_name>
      <students_count>7</students_count>
    </item>
    <item>
      <room_name>Room #580</room_name>
      <students_count>7</students_count>
    </item>
    <item>
      <room_name>Room #564</room_name>
      <students_count>7</students_count>
    </item>
    <item>
      <room_name>Room #153</room_name>
      <students_count>7</students_count>
    </item>
    <item>
      <room_name>Room #723</room_name>
      <students_count>7</students_count>
    </item>
    <item>
      <room_name>Room #158</room_name>
      <students_count>7</students_count>
    </item>
    <item>
      <room_name>Room #159</room_name>
      <students_count>7</students_count>
    </item>
    <item>
      <room_name>Room #148</room_name>
      <students_count>7</students_count>
    </item>
    <item>
      <room_name>Room #168</room_name>
      <students_count>7</students_count>
    </item>
    <item>
      <room_name>Room #615</room_name>
      <students_count>7</students_count>
    </item>
    <item>
      <room_name>Room #1</room_name>
      <students_count>7</students_count>
    </item>
    <item>
      <room_name>Room #89</room_name>
      <students_count>7</students_count>
    </item>
    <item>
      <room_name>Room #633</room_name>
      <students_count>7</students_count>
    </item>
    <item>
      <room_name>Room #689</room_name>
      <students_count>7</students_count>
    </item>
    <item>
      <room_name>Room #135</room_name>
      <students_count>7</students_count>
    </item>
    <item>
      <room_name>Room #792</room_name>
      <students_count>7</students_count>
    </item>
    <item>
      <room_name>Room #404</room_name>
      <students_count>7</students_count>
    </item>
    <item>
      <room_name>Room #908</room_name>
      <students_count>7</students_count>
    </item>
    <item>
      <room_name>Room #823</room_name>
      <students_count>7</students_count>
    </item>
    <item>
      <room_name>Room #28</room_name>
      <students_count>7</students_count>
    </item>
    <item>
      <room_name>Room #686</room_name>
      <students_count>7</students_count>
    </item>
    <item>
      <room_name>Room #638</room_name>
      <students_count>7</students_count>
    </item>
    <item>
      <room_name>Room #721</room_name>
      <students_count>7</students_count>
    </item>
    <item>
      <room_name>Room #309</room_name>
      <students_count>7</students_count>
    </item>
    <item>
      <room_name>Room #954</room_name>
      <students_count>7</students_count>
    </item>
    <item>
      <room_name>Room #585</room_name>
      <students_count>7</students_count>
    </item>
    <item>
      <room_name>Room #283</room_name>
      <students_count>7</students_count>
    </item>
    <item>
      <room_name>Room #931</room_name>
      <students_count>7</students_count>
    </item>
    <item>
      <room_name>Room #264</room_name>
      <students_count>7</students_count>
    </item>
    <item>
      <room_name>Room #700</room_name>
      <students_count>7</students_count>
    </item>
    <item>
      <room_name>Room #887</room_name>
      <students_count>7</students_count>
    </item>
    <item>
      <room_name>Room #229</room_name>
      <students_count>7</students_count>
    </item>
    <item>
      <room_name>Room #372</room_name>
      <students_count>7</students_count>
    </item>
    <item>
      <room_name>Room #261</room_name>
      <students_count>7</students_count>
    </item>
    <item>
      <room_name>Room #267</room_name>
      <students_count>7</students_count>
    </item>
    <item>
      <room_name>Room #558</room_name>
      <students_count>7</students_count>
    </item>
    <item>
      <room_name>Room #812</room_name>
      <students_count>7</students_count>
    </item>
    <item>
      <room_name>Room #75</room_name>
      <students_count>7</students_count>
    </item>
    <item>
      <room_name>Room #987</room_name>
      <students_count>7</students_count>
    </item>
    <item>
      <room_name>Room #405</room_name>
      <students_count>7</students_count>
    </item>
    <item>
      <room_name>Room #80</room_name>
      <students_count>7</students_count>
    </item>
    <item>
      <room_name>Room #384</room_name>
      <students_count>7</students_count>
    </item>
    <item>
      <room_name>Room #191</room_name>
      <students_count>7</students_count>
    </item>
    <item>
      <room_name>Room #363</room_name>
      <students_count>7</students_count>
    </item>
    <item>
      <room_name>Room #167</room_name>
      <students_count>7</students_count>
    </item>
    <item>
      <room_name>Room #485</room_name>
      <students_count>7</students_count>
    </item>
    <item>
      <room_name>Room #183</room_name>
      <students_count>7</students_count>
    </item>
    <item>
      <room_name>Room #885</room_name>
      <students_count>7</students_count>
    </item>
    <item>
      <room_name>Room #224</room_name>
      <students_count>7</students_count>
    </item>
    <item>
      <room_name>Room #652</room_name>
      <students_count>7</students_count>
    </item>
    <item>
      <room_name>Room #669</room_name>
      <students_count>7</students_count>
    </item>
    <item>
      <room_name>Room #659</room_name>
      <students_count>7</students_count>
    </item>
    <item>
      <room_name>Room #882</room_name>
      <students_count>7</students_count>
    </item>
    <item>
      <room_name>Room #579</room_name>
      <students_count>7</students_count>
    </item>
    <item>
      <room_name>Room #9</room_name>
      <students_count>7</students_count>
    </item>
    <item>
      <room_name>Room #940</room_name>
      <students_count>7</students_count>
    </item>
    <item>
      <room_name>Room #26</room_name>
      <students_count>7</students_count>
    </item>
    <item>
      <room_name>Room #589</room_name>
      <students_count>7</students_count>
    </item>
    <item>
      <room_name>Room #568</room_name>
      <students_count>7</students_count>
    </item>
    <item>
      <room_name>Room #14</room_name>
      <students_count>7</students_count>
    </item>
    <item>
      <room_name>Room #181</room_name>
      <students_count>7</students_count>
    </item>
    <item>
      <room_name>Room #401</room_name>
      <students_count>7</students_count>
    </item>
    <item>
      <room_name>Room #493</room_name>
      <students_count>7</students_count>
    </item>
    <item>
      <room_name>Room #616</room_name>
      <students_count>7</students_count>
    </item>
    <item>
      <room_name>Room #662</room_name>
      <students_count>7</students_count>
    </item>
    <item>
      <room_name>Room #763</room_name>
      <students_count>7</students_count>
    </item>
    <item>
      <room_name>Room #827</room_name>
      <students_count>7</students_count>
    </item>
    <item>
      <room_name>Room #776</room_name>
      <students_count>7</students_count>
    </item>
    <item>
      <room_name>Room #170</room_name>
      <students_count>7</students_count>
    </item>
    <item>
      <room_name>Room #694</room_name>
      <students_count>7</students_count>
    </item>
    <item>
      <room_name>Room #554</room_name>
      <students_count>7</students_count>
    </item>
    <item>
      <room_name>Room #441</room_name>
      <students_count>7</students_count>
    </item>
    <item>
      <room_name>Room #600</room_name>
      <students_count>7</students_count>
    </item>
    <item>
      <room_name>Room #450</room_name>
      <students_count>6</students_count>
    </item>
    <item>
      <room_name>Room #744</room_name>
      <students_count>6</students_count>
    </item>
    <item>
      <room_name>Room #578</room_name>
      <students_count>6</students_count>
    </item>
    <item>
      <room_name>Room #874</room_name>
      <students_count>6</students_count>
    </item>
    <item>
      <room_name>Room #420</room_name>
      <students_count>6</students_count>
    </item>
    <item>
      <room_name>Room #569</room_name>
      <students_count>6</students_count>
    </item>
    <item>
      <room_name>Room #325</room_name>
      <students_count>6</students_count>
    </item>
    <item>
      <room_name>Room #864</room_name>
      <students_count>6</students_count>
    </item>
    <item>
      <room_name>Room #842</room_name>
      <students_count>6</students_count>
    </item>
    <item>
      <room_name>Room #351</room_name>
      <students_count>6</students_count>
    </item>
    <item>
      <room_name>Room #640</room_name>
      <students_count>6</students_count>
    </item>
    <item>
      <room_name>Room #177</room_name>
      <students_count>6</students_count>
    </item>
    <item>
      <room_name>Room #956</room_name>
      <students_count>6</students_count>
    </item>
    <item>
      <room_name>Room #970</room_name>
      <students_count>6</students_count>
    </item>
    <item>
      <room_name>Room #410</room_name>
      <students_count>6</students_count>
    </item>
    <item>
      <room_name>Room #851</room_name>
      <students_count>6</students_count>
    </item>
    <item>
      <room_name>Room #726</room_name>
      <students_count>6</students_count>
    </item>
    <item>
      <room_name>Room #495</room_name>
      <students_count>6</students_count>
    </item>
    <item>
      <room_name>Room #895</room_name>
      <students_count>6</students_count>
    </item>
    <item>
      <room_name>Room #456</room_name>
      <students_count>6</students_count>
    </item>
    <item>
      <room_name>Room #857</room_name>
      <students_count>6</students_count>
    </item>
    <item>
      <room_name>Room #152</room_name>
      <students_count>6</students_count>
    </item>
    <item>
      <room_name>Room #478</room_name>
      <students_count>6</students_count>
    </item>
    <item>
      <room_name>Room #403</room_name>
      <students_count>6</students_count>
    </item>
    <item>
      <room_name>Room #184</room_name>
      <students_count>6</students_count>
    </item>
    <item>
      <room_name>Room #171</room_name>
      <students_count>6</students_count>
    </item>
    <item>
      <room_name>Room #27</room_name>
      <students_count>6</students_count>
    </item>
    <item>
      <room_name>Room #983</room_name>
      <students_count>6</students_count>
    </item>
    <item>
      <room_name>Room #862</room_name>
      <students_count>6</students_count>
    </item>
    <item>
      <room_name>Room #645</room_name>
      <students_count>6</students_count>
    </item>
    <item>
      <room_name>Room #79</room_name>
      <students_count>6</students_count>
    </item>
    <item>
      <room_name>Room #870</room_name>
      <students_count>6</students_count>
    </item>
    <item>
      <room_name>Room #831</room_name>
      <students_count>6</students_count>
    </item>
    <item>
      <room_name>Room #732</room_name>
      <students_count>6</students_count>
    </item>
    <item>
      <room_name>Room #614</room_name>
      <students_count>6</students_count>
    </item>
    <item>
      <room_name>Room #76</room_name>
      <students_count>6</students_count>
    </item>
    <item>
      <room_name>Room #85</room_name>
      <students_count>6</students_count>
    </item>
    <item>
      <room_name>Room #255</room_name>
      <students_count>6</students_count>
    </item>
    <item>
      <room_name>Room #286</room_name>
      <students_count>6</students_count>
    </item>
    <item>
      <room_name>Room #66</room_name>
      <students_count>6</students_count>
    </item>
    <item>
      <room_name>Room #494</room_name>
      <students_count>6</students_count>
    </item>
    <item>
      <room_name>Room #54</room_name>
      <students_count>6</students_count>
    </item>
    <item>
      <room_name>Room #361</room_name>
      <students_count>6</students_count>
    </item>
    <item>
      <room_name>Room #634</room_name>
      <students_count>6</students_count>
    </item>
    <item>
      <room_name>Room #186</room_name>
      <students_count>6</students_count>
    </item>
    <item>
      <room_name>Room #841</room_name>
      <students_count>6</students_count>
    </item>
    <item>
      <room_name>Room #150</room_name>
      <students_count>6</students_count>
    </item>
    <item>
      <room_name>Room #963</room_name>
      <students_count>6</students_count>
    </item>
    <item>
      <room_name>Room #804</room_name>
      <students_count>6</students_count>
    </item>
    <item>
      <room_name>Room #663</room_name>
      <students_count>6</students_count>
    </item>
    <item>
      <room_name>Room #50</room_name>
      <students_count>6</students_count>
    </item>
    <item>
      <room_name>Room #440</room_name>
      <students_count>6</students_count>
    </item>
    <item>
      <room_name>Room #182</room_name>
      <students_count>6</students_count>
    </item>
    <item>
      <room_name>Room #206</room_name>
      <students_count>6</students_count>
    </item>
    <item>
      <room_name>Room #223</room_name>
      <students_count>6</students_count>
    </item>
    <item>
      <room_name>Room #876</room_name>
      <students_count>6</students_count>
    </item>
    <item>
      <room_name>Room #354</room_name>
      <students_count>6</students_count>
    </item>
    <item>
      <room_name>Room #886</room_name>
      <students_count>6</students_count>
    </item>
    <item>
      <room_name>Room #480</room_name>
      <students_count>6</students_count>
    </item>
    <item>
      <room_name>Room #994</room_name>
      <students_count>6</students_count>
    </item>
    <item>
      <room_name>Room #219</room_name>
      <students_count>6</students_count>
    </item>
    <item>
      <room_name>Room #216</room_name>
      <students_count>6</students_count>
    </item>
    <item>
      <room_name>Room #324</room_name>
      <students_count>6</students_count>
    </item>
    <item>
      <room_name>Room #479</room_name>
      <students_count>6</students_count>
    </item>
    <item>
      <room_name>Room #811</room_name>
      <students_count>5</students_count>
    </item>
    <item>
      <room_name>Room #943</room_name>
      <students_count>5</students_count>
    </item>
    <item>
      <room_name>Room #800</room_name>
      <students_count>5</students_count>
    </item>
    <item>
      <room_name>Room #382</room_name>
      <students_count>5</students_count>
    </item>
    <item>
      <room_name>Room #571</room_name>
      <students_count>5</students_count>
    </item>
    <item>
      <room_name>Room #798</room_name>
      <students_count>5</students_count>
    </item>
    <item>
      <room_name>Room #754</room_name>
      <students_count>5</students_count>
    </item>
    <item>
      <room_name>Room #538</room_name>
      <students_count>5</students_count>
    </item>
    <item>
      <room_name>Room #794</room_name>
      <students_count>5</students_count>
    </item>
    <item>
      <room_name>Room #140</room_name>
      <students_count>5</students_count>
    </item>
    <item>
      <room_name>Room #664</room_name>
      <students_count>5</students_count>
    </item>
    <item>
      <room_name>Room #3</room_name>
      <students_count>5</students_count>
    </item>
    <item>
      <room_name>Room #698</room_name>
      <students_count>5</students_count>
    </item>
    <item>
      <room_name>Room #902</room_name>
      <students_count>5</students_count>
    </item>
    <item>
      <room_name>Room #919</room_name>
      <students_count>5</students_count>
    </item>
    <item>
      <room_name>Room #715</room_name>
      <students_count>5</students_count>
    </item>
    <item>
      <room_name>Room #466</room_name>
      <students_count>5</students_count>
    </item>
    <item>
      <room_name>Room #97</room_name>
      <students_count>5</students_count>
    </item>
    <item>
      <room_name>Room #333</room_name>
      <students_count>5</students_count>
    </item>
    <item>
      <room_name>Room #436</room_name>
      <students_count>5</students_count>
    </item>
    <item>
      <room_name>Room #522</room_name>
      <students_count>5</students_count>
    </item>
    <item>
      <room_name>Room #396</room_name>
      <students_count>5</students_count>
    </item>
    <item>
      <room_name>Room #772</room_name>
      <students_count>5</students_count>
    </item>
    <item>
      <room_name>Room #383</room_name>
      <students_count>5</students_count>
    </item>
    <item>
      <room_name>Room #964</room_name>
      <students_count>5</students_count>
    </item>
    <item>
      <room_name>Room #102</room_name>
      <students_count>5</students_count>
    </item>
    <item>
      <room_name>Room #540</room_name>
      <students_count>5</students_count>
    </item>
    <item>
      <room_name>Room #636</room_name>
      <students_count>5</students_count>
    </item>
    <item>
      <room_name>Room #92</room_name>
      <students_count>5</students_count>
    </item>
    <item>
      <room_name>Room #788</room_name>
      <students_count>5</students_count>
    </item>
    <item>
      <room_name>Room #105</room_name>
      <students_count>5</students_count>
    </item>
    <item>
      <room_name>Room #915</room_name>
      <students_count>5</students_count>
    </item>
    <item>
      <room_name>Room #628</room_name>
      <students_count>5</students_count>
    </item>
    <item>
      <room_name>Room #990</room_name>
      <students_count>5</students_count>
    </item>
    <item>
      <room_name>Room #246</room_name>
      <students_count>5</students_count>
    </item>
    <item>
      <room_name>Room #777</room_name>
      <students_count>5</students_count>
    </item>
    <item>
      <room_name>Room #141</room_name>
      <students_count>5</students_count>
    </item>
    <item>
      <room_name>Room #345</room_name>
      <students_count>4</students_count>
    </item>
    <item>
      <room_name>Room #25</room_name>
      <students_count>4</students_count>
    </item>
    <item>
      <room_name>Room #873</room_name>
      <students_count>4</students_count>
    </item>
    <item>
      <room_name>Room #353</room_name>
      <students_count>4</students_count>
    </item>
    <item>
      <room_name>Room #681</room_name>
      <students_count>4</students_count>
    </item>
    <item>
      <room_name>Room #972</room_name>
      <students_count>4</students_count>
    </item>
    <item>
      <room_name>Room #710</room_name>
      <students_count>4</students_count>
    </item>
    <item>
      <room_name>Room #934</room_name>
      <students_count>4</students_count>
    </item>
    <item>
      <room_name>Room #157</room_name>
      <students_count>4</students_count>
    </item>
    <item>
      <room_name>Room #6</room_name>
      <students_count>4</students_count>
    </item>
    <item>
      <room_name>Room #611</room_name>
      <students_count>4</students_count>
    </item>
    <item>
      <room_name>Room #484</room_name>
      <students_count>4</students_count>
    </item>
    <item>
      <room_name>Room #498</room_name>
      <students_count>4</students_count>
    </item>
    <item>
      <room_name>Room #443</room_name>
      <students_count>4</students_count>
    </item>
    <item>
      <room_name>Room #178</room_name>
      <students_count>4</students_count>
    </item>
    <item>
      <room_name>Room #134</room_name>
      <students_count>4</students_count>
    </item>
    <item>
      <room_name>Room #487</room_name>
      <students_count>4</students_count>
    </item>
    <item>
      <room_name>Room #985</room_name>
      <students_count>3</students_count>
    </item>
    <item>
      <room_name>Room #661</room_name>
      <students_count>3</students_count>
    </item>
    <item>
      <room_name>Room #677</room_name>
      <students_count>3</students_count>
    </item>
    <item>
      <room_name>Room #419</room_name>
      <students_count>3</students_count>
    </item>
    <item>
      <room_name>Room #154</room_name>
      <students_count>3</students_count>
    </item>
    <item>
      <room_name>Room #913</room_name>
      <students_count>3</students_count>
    </item>
    <item>
      <room_name>Room #49</room_name>
      <students_count>3</students_count>
    </item>
    <item>
      <room_name>Room #810</room_name>
      <students_count>2</students_count>
    </item>
    <item>
      <room_name>Room #422</room_name>
      <students_count>2</students_count>
    </item>
    <item>
      <room_name>Room #482</room_name>
      <students_count>0</students_count>
    </item>
  </student_count>
  <lowest_avg_age>
    <item>
      <room_name>Room #661</room_name>
      <avg_age>12.0000000000000000</avg_age>
    </item>
    <item>
      <room_name>Room #913</room_name>
      <avg_age>20.0000000000000000</avg_age>
    </item>
    <item>
      <room_name>Room #111</room_name>
      <avg_age>32.0000000000000000</avg_age>
    </item>
    <item>
      <room_name>Room #957</room_name>
      <avg_age>33.3333333333333333</avg_age>
    </item>
    <item>
      <room_name>Room #773</room_name>
      <avg_age>35.2727272727272727</avg_age>
    </item>
  </lowest_avg_age>
  <biggest_age_diff>
    <item>
      <room_name>Room #486</room_name>
      <age_diff>115</age_diff>
    </item>
    <item>
      <room_name>Room #213</room_name>
      <age_diff>115</age_diff>
    </item>
    <item>
      <room_name>Room #395</room_name>
      <age_diff>115</age_diff>
    </item>
    <item>
      <room_name>Room #905</room_name>
      <age_diff>115</age_diff>
    </item>
    <item>
      <room_name>Room #712</room_name>
      <age_diff>115</age_diff>
    </item>
  </biggest_age_diff>
  <mixed_sex_rooms>
    <item>
      <room_name>Room #0</room_name>
    </item>
    <item>
      <room_name>Room #1</room_name>
    </item>
    <item>
      <room_name>Room #10</room_name>
    </item>
    <item>
      <room_name>Room #100</room_name>
    </item>
    <item>
      <room_name>Room #101</room_name>
    </item>
    <item>
      <room_name>Room #102</room_name>
    </item>
    <item>
      <room_name>Room #103</room_name>
    </item>
    <item>
      <room_name>Room #104</room_name>
    </item>
    <item>
      <room_name>Room #105</room_name>
    </item>
    <item>
      <room_name>Room #106</room_name>
    </item>
    <item>
      <room_name>Room #107</room_name>
    </item>
    <item>
      <room_name>Room #108</room_name>
    </item>
    <item>
      <room_name>Room #109</room_name>
    </item>
    <item>
      <room_name>Room #11</room_name>
    </item>
    <item>
      <room_name>Room #110</room_name>
    </item>
    <item>
      <room_name>Room #111</room_name>
    </item>
    <item>
      <room_name>Room #112</room_name>
    </item>
    <item>
      <room_name>Room #113</room_name>
    </item>
    <item>
      <room_name>Room #114</room_name>
    </item>
    <item>
      <room_name>Room #115</room_name>
    </item>
    <item>
      <room_name>Room #116</room_name>
    </item>
    <item>
      <room_name>Room #117</room_name>
    </item>
    <item>
      <room_name>Room #118</room_name>
    </item>
    <item>
      <room_name>Room #119</room_name>
    </item>
    <item>
      <room_name>Room #12</room_name>
    </item>
    <item>
      <room_name>Room #120</room_name>
    </item>
    <item>
      <room_name>Room #121</room_name>
    </item>
    <item>
      <room_name>Room #122</room_name>
    </item>
    <item>
      <room_name>Room #123</room_name>
    </item>
    <item>
      <room_name>Room #124</room_name>
    </item>
    <item>
      <room_name>Room #125</room_name>
    </item>
    <item>
      <room_name>Room #126</room_name>
    </item>
    <item>
      <room_name>Room #127</room_name>
    </item>
    <item>
      <room_name>Room #128</room_name>
    </item>
    <item>
      <room_name>Room #129</room_name>
    </item>
    <item>
      <room_name>Room #13</room_name>
    </item>
    <item>
      <room_name>Room #130</room_name>
    </item>
    <item>
      <room_name>Room #131</room_name>
    </item>
    <item>
      <room_name>Room #132</room_name>
    </item>
    <item>
      <room_name>Room #133</room_name>
    </item>
    <item>
      <room_name>Room #134</room_name>
    </item>
    <item>
      <room_name>Room #135</room_name>
    </item>
    <item>
      <room_name>Room #136</room_name>
    </item>
    <item>
      <room_name>Room #137</room_name>
    </item>
    <item>
      <room_name>Room #138</room_name>
    </item>
    <item>
      <room_name>Room #139</room_name>
    </item>
    <item>
      <room_name>Room #14</room_name>
    </item>
    <item>
      <room_name>Room #140</room_name>
    </item>
    <item>
      <room_name>Room #141</room_name>
    </item>
    <item>
      <room_name>Room #142</room_name>
    </item>
    <item>
      <room_name>Room #143</room_name>
    </item>
    <item>
      <room_name>Room #144</room_name>
    </item>
    <item>
      <room_name>Room #145</room_name>
    </item>
    <item>
      <room_name>Room #146</room_name>
    </item>
    <item>
      <room_name>Room #147</room_name>
    </item>
    <item>
      <room_name>Room #148</room_name>
    </item>
    <item>
      <room_name>Room #149</room_name>
    </item>
    <item>
      <room_name>Room #15</room_name>
    </item>
    <item>
      <room_name>Room #150</room_name>
    </item>
    <item>
      <room_name>Room #151</room_name>
    </item>
    <item>
      <room_name>Room #152</room_name>
    </item>
    <item>
      <room_name>Room #153</room_name>
    </item>
    <item>
      <room_name>Room #154</room_name>
    </item>
    <item>
      <room_name>Room #155</room_name>
    </item>
    <item>
      <room_name>Room #156</room_name>
    </item>
    <item>
      <room_name>Room #157</room_name>
    </item>
    <item>
      <room_name>Room #158</room_name>
    </item>
    <item>
      <room_name>Room #159</room_name>
    </item>
    <item>
      <room_name>Room #16</room_name>
    </item>
    <item>
      <room_name>Room #160</room_name>
    </item>
    <item>
      <room_name>Room #161</room_name>
    </item>
    <item>
      <room_name>Room #162</room_name>
    </item>
    <item>
      <room_name>Room #163</room_name>
    </item>
    <item>
      <room_name>Room #164</room_name>
    </item>
    <item>
      <room_name>Room #165</room_name>
    </item>
    <item>
      <room_name>Room #166</room_name>
    </item>
    <item>
      <room_name>Room #167</room_name>
    </item>
    <item>
      <room_name>Room #168</room_name>
    </item>
    <item>
      <room_name>Room #169</room_name>
    </item>
    <item>
      <room_name>Room #17</room_name>
    </item>
    <item>
      <room_name>Room #170</room_name>
    </item>
    <item>
      <room_name>Room #171</room_name>
    </item>
    <item>
      <room_name>Room #172</room_name>
    </item>
    <item>
      <room_name>Room #173</room_name>
    </item>
    <item>
      <room_name>Room #174</room_name>
    </item>
    <item>
      <room_name>Room #175</room_name>
    </item>
    <item>
      <room_name>Room #176</room_name>
    </item>
    <item>
      <room_name>Room #177</room_name>
    </item>
    <item>
      <room_name>Room #178</room_name>
    </item>
    <item>
      <room_name>Room #179</room_name>
    </item>
    <item>
      <room_name>Room #18</room_name>
    </item>
    <item>
      <room_name>Room #180</room_name>
    </item>
    <item>
      <room_name>Room #181</room_name>
    </item>
    <item>
      <room_name>Room #182</room_name>
    </item>
    <item>
      <room_name>Room #183</room_name>
    </item>
    <item>
      <room_name>Room #184</room_name>
    </item>
    <item>
      <room_name>Room #185</room_name>
    </item>
    <item>
      <room_name>Room #186</room_name>
    </item>
    <item>
      <room_name>Room #187</room_name>
    </item>
    <item>
      <room_name>Room #188</room_name>
    </item>
    <item>
      <room_name>Room #189</room_name>
    </item>
    <item>
      <room_name>Room #19</room_name>
    </item>
    <item>
      <room_name>Room #190</room_name>
    </item>
    <item>
      <room_name>Room #191</room_name>
    </item>
    <item>
      <room_name>Room #192</room_name>
    </item>
    <item>
      <room_name>Room #193</room_name>
    </item>
    <item>
      <room_name>Room #194</room_name>
    </item>
    <item>
      <room_name>Room #195</room_name>
    </item>
    <item>
      <room_name>Room #196</room_name>
    </item>
    <item>
      <room_name>Room #197</room_name>
    </item>
    <item>
      <room_name>Room #198</room_name>
    </item>
    <item>
      <room_name>Room #199</room_name>
    </item>
    <item>
      <room_name>Room #2</room_name>
    </item>
    <item>
      <room_name>Room #20</room_name>
    </item>
    <item>
      <room_name>Room #200</room_name>
    </item>
    <item>
      <room_name>Room #201</room_name>
    </item>
    <item>
      <room_name>Room #202</room_name>
    </item>
    <item>
      <room_name>Room #203</room_name>
    </item>
    <item>
      <room_name>Room #204</room_name>
    </item>
    <item>
      <room_name>Room #205</room_name>
    </item>
    <item>
      <room_name>Room #206</room_name>
    </item>
    <item>
      <room_name>Room #207</room_name>
    </item>
    <item>
      <room_name>Room #208</room_name>
    </item>
    <item>
      <room_name>Room #209</room_name>
    </item>
    <item>
      <room_name>Room #21</room_name>
    </item>
    <item>
      <room_name>Room #210</room_name>
    </item>
    <item>
      <room_name>Room #211</room_name>
    </item>
    <item>
      <room_name>Room #212</room_name>
    </item>
    <item>
      <room_name>Room #213</room_name>
    </item>
    <item>
      <room_name>Room #214</room_name>
    </item>
    <item>
      <room_name>Room #215</room_name>
    </item>
    <item>
      <room_name>Room #216</room_name>
    </item>
    <item>
      <room_name>Room #217</room_name>
    </item>
    <item>
      <room_name>Room #218</room_name>
    </item>
    <item>
      <room_name>Room #219</room_name>
    </item>
    <item>
      <room_name>Room #22</room_name>
    </item>
    <item>
      <room_name>Room #220</room_name>
    </item>
    <item>
      <room_name>Room #223</room_name>
    </item>
    <item>
      <room_name>Room #224</room_name>
    </item>
    <item>
      <room_name>Room #225</room_name>
    </item>
    <item>
      <room_name>Room #226</room_name>
    </item>
    <item>
      <room_name>Room #227</room_name>
    </item>
    <item>
      <room_name>Room #228</room_name>
    </item>
    <item>
      <room_name>Room #229</room_name>
    </item>
    <item>
      <room_name>Room #23</room_name>
    </item>
    <item>
      <room_name>Room #230</room_name>
    </item>
    <item>
      <room_name>Room #231</room_name>
    </item>
    <item>
      <room_name>Room #232</room_name>
    </item>
    <item>
      <room_name>Room #233</room_name>
    </item>
    <item>
      <room_name>Room #234</room_name>
    </item>
    <item>
      <room_name>Room #235</room_name>
    </item>
    <item>
      <room_name>Room #236</room_name>
    </item>
    <item>
      <room_name>Room #237</room_name>
    </item>
    <item>
      <room_name>Room #238</room_name>
    </item>
    <item>
      <room_name>Room #239</room_name>
    </item>
    <item>
      <room_name>Room #24</room_name>
    </item>
    <item>
      <room_name>Room #240</room_name>
    </item>
    <item>
      <room_name>Room #241</room_name>
    </item>
    <item>
      <room_name>Room #242</room_name>
    </item>
    <item>
      <room_name>Room #243</room_name>
    </item>
    <item>
      <room_name>Room #244</room_name>
    </item>
    <item>
      <room_name>Room #245</room_name>
    </item>
    <item>
      <room_name>Room #246</room_name>
    </item>
    <item>
      <room_name>Room #247</room_name>
    </item>
    <item>
      <room_name>Room #248</room_name>
    </item>
    <item>
      <room_name>Room #249</room_name>
    </item>
    <item>
      <room_name>Room #25</room_name>
    </item>
    <item>
      <room_name>Room #250</room_name>
    </item>
    <item>
      <room_name>Room #251</room_name>
    </item>
    <item>
      <room_name>Room #252</room_name>
    </item>
    <item>
      <room_name>Room #253</room_name>
    </item>
    <item>
      <room_name>Room #254</room_name>
    </item>
    <item>
      <room_name>Room #255</room_name>
    </item>
    <item>
      <room_name>Room #256</room_name>
    </item>
    <item>
      <room_name>Room #257</room_name>
    </item>
    <item>
      <room_name>Room #258</room_name>
    </item>
    <item>
      <room_name>Room #259</room_name>
    </item>
    <item>
      <room_name>Room #26</room_name>
    </item>
    <item>
      <room_name>Room #260</room_name>
    </item>
    <item>
      <room_name>Room #261</room_name>
    </item>
    <item>
      <room_name>Room #262</room_name>
    </item>
    <item>
      <room_name>Room #263</room_name>
    </item>
    <item>
      <room_name>Room #264</room_name>
    </item>
    <item>
      <room_name>Room #265</room_name>
    </item>
    <item>
      <room_name>Room #266</room_name>
    </item>
    <item>
      <room_name>Room #267</room_name>
    </item>
    <item>
      <room_name>Room #268</room_name>
    </item>
    <item>
      <room_name>Room #269</room_name>
    </item>
    <item>
      <room_name>Room #27</room_name>
    </item>
    <item>
      <room_name>Room #270</room_name>
    </item>
    <item>
      <room_name>Room #271</room_name>
    </item>
    <item>
      <room_name>Room #272</room_name>
    </item>
    <item>
      <room_name>Room #273</room_name>
    </item>
    <item>
      <room_name>Room #274</room_name>
    </item>
    <item>
      <room_name>Room #275</room_name>
    </item>
    <item>
      <room_name>Room #276</room_name>
    </item>
    <item>
      <room_name>Room #277</room_name>
    </item>
    <item>
      <room_name>Room #278</room_name>
    </item>
    <item>
      <room_name>Room #279</room_name>
    </item>
    <item>
      <room_name>Room #28</room_name>
    </item>
    <item>
      <room_name>Room #280</room_name>
    </item>
    <item>
      <room_name>Room #281</room_name>
    </item>
    <item>
      <room_name>Room #282</room_name>
    </item>
    <item>
      <room_name>Room #283</room_name>
    </item>
    <item>
      <room_name>Room #284</room_name>
    </item>
    <item>
      <room_name>Room #285</room_name>
    </item>
    <item>
      <room_name>Room #286</room_name>
    </item>
    <item>
      <room_name>Room #287</room_name>
    </item>
    <item>
      <room_name>Room #288</room_name>
    </item>
    <item>
      <room_name>Room #289</room_name>
    </item>
    <item>
      <room_name>Room #29</room_name>
    </item>
    <item>
      <room_name>Room #290</room_name>
    </item>
    <item>
      <room_name>Room #291</room_name>
    </item>
    <item>
      <room_name>Room #292</room_name>
    </item>
    <item>
      <room_name>Room #293</room_name>
    </item>
    <item>
      <room_name>Room #294</room_name>
    </item>
    <item>
      <room_name>Room #295</room_name>
    </item>
    <item>
      <room_name>Room #296</room_name>
    </item>
    <item>
      <room_name>Room #297</room_name>
    </item>
    <item>
      <room_name>Room #298</room_name>
    </item>
    <item>
      <room_name>Room #299</room_name>
    </item>
    <item>
      <room_name>Room #3</room_name>
    </item>
    <item>
      <room_name>Room #30</room_name>
    </item>
    <item>
      <room_name>Room #300</room_name>
    </item>
    <item>
      <room_name>Room #301</room_name>
    </item>
    <item>
      <room_name>Room #302</room_name>
    </item>
    <item>
      <room_name>Room #303</room_name>
    </item>
    <item>
      <room_name>Room #304</room_name>
    </item>
    <item>
      <room_name>Room #305</room_name>
    </item>
    <item>
      <room_name>Room #306</room_name>
    </item>
    <item>
      <room_name>Room #307</room_name>
    </item>
    <item>
      <room_name>Room #308</room_name>
    </item>
    <item>
      <room_name>Room #309</room_name>
    </item>
    <item>
      <room_name>Room #31</room_name>
    </item>
    <item>
      <room_name>Room #310</room_name>
    </item>
    <item>
      <room_name>Room #311</room_name>
    </item>
    <item>
      <room_name>Room #312</room_name>
    </item>
    <item>
      <room_name>Room #313</room_name>
    </item>
    <item>
      <room_name>Room #314</room_name>
    </item>
    <item>
      <room_name>Room #315</room_name>
    </item>
    <item>
      <room_name>Room #316</room_name>
    </item>
    <item>
      <room_name>Room #317</room_name>
    </item>
    <item>
      <room_name>Room #318</room_name>
    </item>
    <item>
      <room_name>Room #319</room_name>
    </item>
    <item>
      <room_name>Room #32</room_name>
    </item>
    <item>
      <room_name>Room #320</room_name>
    </item>
    <item>
      <room_name>Room #321</room_name>
    </item>
    <item>
      <room_name>Room #322</room_name>
    </item>
    <item>
      <room_name>Room #323</room_name>
    </item>
    <item>
      <room_name>Room #324</room_name>
    </item>
    <item>
      <room_name>Room #325</room_name>
    </item>
    <item>
      <room_name>Room #326</room_name>
    </item>
    <item>
      <room_name>Room #327</room_name>
    </item>
    <item>
      <room_name>Room #328</room_name>
    </item>
    <item>
      <room_name>Room #329</room_name>
    </item>
    <item>
      <room_name>Room #33</room_name>
    </item>
    <item>
      <room_name>Room #330</room_name>
    </item>
    <item>
      <room_name>Room #331</room_name>
    </item>
    <item>
      <room_name>Room #332</room_name>
    </item>
    <item>
      <room_name>Room #333</room_name>
    </item>
    <item>
      <room_name>Room #334</room_name>
    </item>
    <item>
      <room_name>Room #335</room_name>
    </item>
    <item>
      <room_name>Room #336</room_name>
    </item>
    <item>
      <room_name>Room #337</room_name>
    </item>
    <item>
      <room_name>Room #338</room_name>
    </item>
    <item>
      <room_name>Room #339</room_name>
    </item>
    <item>
      <room_name>Room #34</room_name>
    </item>
    <item>
      <room_name>Room #340</room_name>
    </item>
    <item>
      <room_name>Room #341</room_name>
    </item>
    <item>
      <room_name>Room #342</room_name>
    </item>
    <item>
      <room_name>Room #343</room_name>
    </item>
    <item>
      <room_name>Room #344</room_name>
    </item>
    <item>
      <room_name>Room #345</room_name>
    </item>
    <item>
      <room_name>Room #346</room_name>
    </item>
    <item>
      <room_name>Room #347</room_name>
    </item>
    <item>
      <room_name>Room #348</room_name>
    </item>
    <item>
      <room_name>Room #349</room_name>
    </item>
    <item>
      <room_name>Room #35</room_name>
    </item>
    <item>
      <room_name>Room #350</room_name>
    </item>
    <item>
      <room_name>Room #351</room_name>
    </item>
    <item>
      <room_name>Room #352</room_name>
    </item>
    <item>
      <room_name>Room #353</room_name>
    </item>
    <item>
      <room_name>Room #354</room_name>
    </item>
    <item>
      <room_name>Room #355</room_name>
    </item>
    <item>
      <room_name>Room #356</room_name>
    </item>
    <item>
      <room_name>Room #357</room_name>
    </item>
    <item>
      <room_name>Room #358</room_name>
    </item>
    <item>
      <room_name>Room #359</room_name>
    </item>
    <item>
      <room_name>Room #36</room_name>
    </item>
    <item>
      <room_name>Room #360</room_name>
    </item>
    <item>
      <room_name>Room #361</room_name>
    </item>
    <item>
      <room_name>Room #362</room_name>
    </item>
    <item>
      <room_name>Room #363</room_name>
    </item>
    <item>
      <room_name>Room #364</room_name>
    </item>
    <item>
      <room_name>Room #365</room_name>
    </item>
    <item>
      <room_name>Room #366</room_name>
    </item>
    <item>
      <room_name>Room #367</room_name>
    </item>
    <item>
      <room_name>Room #368</room_name>
    </item>
    <item>
      <room_name>Room #369</room_name>
    </item>
    <item>
      <room_name>Room #37</room_name>
    </item>
    <item>
      <room_name>Room #370</room_name>
    </item>
    <item>
      <room_name>Room #371</room_name>
    </item>
    <item>
      <room_name>Room #372</room_name>
    </item>
    <item>
      <room_name>Room #373</room_name>
    </item>
    <item>
      <room_name>Room #374</room_name>
    </item>
    <item>
      <room_name>Room #375</room_name>
    </item>
    <item>
      <room_name>Room #376</room_name>
    </item>
    <item>
      <room_name>Room #377</room_name>
    </item>
    <item>
      <room_name>Room #378</room_name>
    </item>
    <item>
      <room_name>Room #379</room_name>
    </item>
    <item>
      <room_name>Room #38</room_name>
    </item>
    <item>
      <room_name>Room #380</room_name>
    </item>
    <item>
      <room_name>Room #381</room_name>
    </item>
    <item>
      <room_name>Room #382</room_name>
    </item>
    <item>
      <room_name>Room #383</room_name>
    </item>
    <item>
      <room_name>Room #384</room_name>
    </item>
    <item>
      <room_name>Room #385</room_name>
    </item>
    <item>
      <room_name>Room #386</room_name>
    </item>
    <item>
      <room_name>Room #387</room_name>
    </item>
    <item>
      <room_name>Room #388</room_name>
    </item>
    <item>
      <room_name>Room #389</room_name>
    </item>
    <item>
      <room_name>Room #39</room_name>
    </item>
    <item>
      <room_name>Room #390</room_name>
    </item>
    <item>
      <room_name>Room #391</room_name>
    </item>
    <item>
      <room_name>Room #392</room_name>
    </item>
    <item>
      <room_name>Room #393</room_name>
    </item>
    <item>
      <room_name>Room #394</room_name>
    </item>
    <item>
      <room_name>Room #395</room_name>
    </item>
    <item>
      <room_name>Room #397</room_name>
    </item>
    <item>
      <room_name>Room #398</room_name>
    </item>
    <item>
      <room_name>Room #399</room_name>
    </item>
    <item>
      <room_name>Room #4</room_name>
    </item>
    <item>
      <room_name>Room #40</room_name>
    </item>
    <item>
      <room_name>Room #400</room_name>
    </item>
    <item>
      <room_name>Room #401</room_name>
    </item>
    <item>
      <room_name>Room #402</room_name>
    </item>
    <item>
      <room_name>Room #403</room_name>
    </item>
    <item>
      <room_name>Room #404</room_name>
    </item>
    <item>
      <room_name>Room #405</room_name>
    </item>
    <item>
      <room_name>Room #406</room_name>
    </item>
    <item>
      <room_name>Room #407</room_name>
    </item>
    <item>
      <room_name>Room #408</room_name>
    </item>
    <item>
      <room_name>Room #409</room_name>
    </item>
    <item>
      <room_name>Room #41</room_name>
    </item>
    <item>
      <room_name>Room #410</room_name>
    </item>
    <item>
      <room_name>Room #411</room_name>
    </item>
    <item>
      <room_name>Room #412</room_name>
    </item>
    <item>
      <room_name>Room #413</room_name>
    </item>
    <item>
      <room_name>Room #414</room_name>
    </item>
    <item>
      <room_name>Room #415</room_name>
    </item>
    <item>
      <room_name>Room #416</room_name>
    </item>
    <item>
      <room_name>Room #417</room_name>
    </item>
    <item>
      <room_name>Room #418</room_name>
    </item>
    <item>
      <room_name>Room #42</room_name>
    </item>
    <item>
      <room_name>Room #420</room_name>
    </item>
    <item>
      <room_name>Room #421</room_name>
    </item>
    <item>
      <room_name>Room #422</room_name>
    </item>
    <item>
      <room_name>Room #423</room_name>
    </item>
    <item>
      <room_name>Room #424</room_name>
    </item>
    <item>
      <room_name>Room #425</room_name>
    </item>
    <item>
      <room_name>Room #426</room_name>
    </item>
    <item>
      <room_name>Room #427</room_name>
    </item>
    <item>
      <room_name>Room #428</room_name>
    </item>
    <item>
      <room_name>Room #429</room_name>
    </item>
    <item>
      <room_name>Room #43</room_name>
    </item>
    <item>
      <room_name>Room #430</room_name>
    </item>
    <item>
      <room_name>Room #431</room_name>
    </item>
    <item>
      <room_name>Room #432</room_name>
    </item>
    <item>
      <room_name>Room #433</room_name>
    </item>
    <item>
      <room_name>Room #434</room_name>
    </item>
    <item>
      <room_name>Room #435</room_name>
    </item>
    <item>
      <room_name>Room #436</room_name>
    </item>
    <item>
      <room_name>Room #437</room_name>
    </item>
    <item>
      <room_name>Room #438</room_name>
    </item>
    <item>
      <room_name>Room #439</room_name>
    </item>
    <item>
      <room_name>Room #44</room_name>
    </item>
    <item>
      <room_name>Room #440</room_name>
    </item>
    <item>
      <room_name>Room #441</room_name>
    </item>
    <item>
      <room_name>Room #442</room_name>
    </item>
    <item>
      <room_name>Room #443</room_name>
    </item>
    <item>
      <room_name>Room #444</room_name>
    </item>
    <item>
      <room_name>Room #445</room_name>
    </item>
    <item>
      <room_name>Room #446</room_name>
    </item>
    <item>
      <room_name>Room #447</room_name>
    </item>
    <item>
      <room_name>Room #448</room_name>
    </item>
    <item>
      <room_name>Room #449</room_name>
    </item>
    <item>
      <room_name>Room #45</room_name>
    </item>
    <item>
      <room_name>Room #450</room_name>
    </item>
    <item>
      <room_name>Room #451</room_name>
    </item>
    <item>
      <room_name>Room #452</room_name>
    </item>
    <item>
      <room_name>Room #453</room_name>
    </item>
    <item>
      <room_name>Room #454</room_name>
    </item>
    <item>
      <room_name>Room #455</room_name>
    </item>
    <item>
      <room_name>Room #456</room_name>
    </item>
    <item>
      <room_name>Room #457</room_name>
    </item>
    <item>
      <room_name>Room #458</room_name>
    </item>
    <item>
      <room_name>Room #459</room_name>
    </item>
    <item>
      <room_name>Room #46</room_name>
    </item>
    <item>
      <room_name>Room #460</room_name>
    </item>
    <item>
      <room_name>Room #461</room_name>
    </item>
    <item>
      <room_name>Room #462</room_name>
    </item>
    <item>
      <room_name>Room #463</room_name>
    </item>
    <item>
      <room_name>Room #464</room_name>
    </item>
    <item>
      <room_name>Room #465</room_name>
    </item>
    <item>
      <room_name>Room #466</room_name>
    </item>
    <item>
      <room_name>Room #467</room_name>
    </item>
    <item>
      <room_name>Room #468</room_name>
    </item>
    <item>
      <room_name>Room #469</room_name>
    </item>
    <item>
      <room_name>Room #47</room_name>
    </item>
    <item>
      <room_name>Room #470</room_name>
    </item>
    <item>
      <room_name>Room #471</room_name>
    </item>
    <item>
      <room_name>Room #472</room_name>
    </item>
    <item>
      <room_name>Room #473</room_name>
    </item>
    <item>
      <room_name>Room #474</room_name>
    </item>
    <item>
      <room_name>Room #475</room_name>
    </item>
    <item>
      <room_name>Room #476</room_name>
    </item>
    <item>
      <room_name>Room #477</room_name>
    </item>
    <item>
      <room_name>Room #478</room_name>
    </item>
    <item>
      <room_name>Room #479</room_name>
    </item>
    <item>
      <room_name>Room #48</room_name>
    </item>
    <item>
      <room_name>Room #480</room_name>
    </item>
    <item>
      <room_name>Room #481</room_name>
    </item>
    <item>
      <room_name>Room #483</room_name>
    </item>
    <item>
      <room_name>Room #485</room_name>
    </item>
    <item>
      <room_name>Room #486</room_name>
    </item>
    <item>
      <room_name>Room #487</room_name>
    </item>
    <item>
      <room_name>Room #488</room_name>
    </item>
    <item>
      <room_name>Room #489</room_name>
    </item>
    <item>
      <room_name>Room #49</room_name>
    </item>
    <item>
      <room_name>Room #490</room_name>
    </item>
    <item>
      <room_name>Room #491</room_name>
    </item>
    <item>
      <room_name>Room #492</room_name>
    </item>
    <item>
      <room_name>Room #493</room_name>
    </item>
    <item>
      <room_name>Room #494</room_name>
    </item>
    <item>
      <room_name>Room #495</room_name>
    </item>
    <item>
      <room_name>Room #496</room_name>
    </item>
    <item>
      <room_name>Room #497</room_name>
    </item>
    <item>
      <room_name>Room #498</room_name>
    </item>
    <item>
      <room_name>Room #499</room_name>
    </item>
    <item>
      <room_name>Room #5</room_name>
    </item>
    <item>
      <room_name>Room #50</room_name>
    </item>
    <item>
      <room_name>Room #500</room_name>
    </item>
    <item>
      <room_name>Room #501</room_name>
    </item>
    <item>
      <room_name>Room #502</room_name>
    </item>
    <item>
      <room_name>Room #503</room_name>
    </item>
    <item>
      <room_name>Room #504</room_name>
    </item>
    <item>
      <room_name>Room #505</room_name>
    </item>
    <item>
      <room_name>Room #506</room_name>
    </item>
    <item>
      <room_name>Room #507</room_name>
    </item>
    <item>
      <room_name>Room #508</room_name>
    </item>
    <item>
      <room_name>Room #509</room_name>
    </item>
    <item>
      <room_name>Room #51</room_name>
    </item>
    <item>
      <room_name>Room #510</room_name>
    </item>
    <item>
      <room_name>Room #511</room_name>
    </item>
    <item>
      <room_name>Room #512</room_name>
    </item>
    <item>
      <room_name>Room #513</room_name>
    </item>
    <item>
      <room_name>Room #514</room_name>
    </item>
    <item>
      <room_name>Room #515</room_name>
    </item>
    <item>
      <room_name>Room #516</room_name>
    </item>
    <item>
      <room_name>Room #517</room_name>
    </item>
    <item>
      <room_name>Room #518</room_name>
    </item>
    <item>
      <room_name>Room #519</room_name>
    </item>
    <item>
      <room_name>Room #52</room_name>
    </item>
    <item>
      <room_name>Room #520</room_name>
    </item>
    <item>
      <room_name>Room #521</room_name>
    </item>
    <item>
      <room_name>Room #522</room_name>
    </item>
    <item>
      <room_name>Room #523</room_name>
    </item>
    <item>
      <room_name>Room #524</room_name>
    </item>
    <item>
      <room_name>Room #525</room_name>
    </item>
    <item>
      <room_name>Room #526</room_name>
    </item>
    <item>
      <room_name>Room #527</room_name>
    </item>
    <item>
      <room_name>Room #528</room_name>
    </item>
    <item>
      <room_name>Room #529</room_name>
    </item>
    <item>
      <room_name>Room #53</room_name>
    </item>
    <item>
      <room_name>Room #530</room_name>
    </item>
    <item>
      <room_name>Room #531</room_name>
    </item>
    <item>
      <room_name>Room #532</room_name>
    </item>
    <item>
      <room_name>Room #533</room_name>
    </item>
    <item>
      <room_name>Room #534</room_name>
    </item>
    <item>
      <room_name>Room #535</room_name>
    </item>
    <item>
      <room_name>Room #536</room_name>
    </item>
    <item>
      <room_name>Room #537</room_name>
    </item>
    <item>
      <room_name>Room #538</room_name>
    </item>
    <item>
      <room_name>Room #539</room_name>
    </item>
    <item>
      <room_name>Room #54</room_name>
    </item>
    <item>
      <room_name>Room #540</room_name>
    </item>
    <item>
      <room_name>Room #541</room_name>
    </item>
    <item>
      <room_name>Room #542</room_name>
    </item>
    <item>
      <room_name>Room #543</room_name>
    </item>
    <item>
      <room_name>Room #544</room_name>
    </item>
    <item>
      <room_name>Room #545</room_name>
    </item>
    <item>
      <room_name>Room #546</room_name>
    </item>
    <item>
      <room_name>Room #547</room_name>
    </item>
    <item>
      <room_name>Room #548</room_name>
    </item>
    <item>
      <room_name>Room #549</room_name>
    </item>
    <item>
      <room_name>Room #55</room_name>
    </item>
    <item>
      <room_name>Room #550</room_name>
    </item>
    <item>
      <room_name>Room #551</room_name>
    </item>
    <item>
      <room_name>Room #552</room_name>
    </item>
    <item>
      <room_name>Room #553</room_name>
    </item>
    <item>
      <room_name>Room #554</room_name>
    </item>
    <item>
      <room_name>Room #555</room_name>
    </item>
    <item>
      <room_name>Room #556</room_name>
    </item>
    <item>
      <room_name>Room #557</room_name>
    </item>
    <item>
      <room_name>Room #558</room_name>
    </item>
    <item>
      <room_name>Room #559</room_name>
    </item>
    <item>
      <room_name>Room #56</room_name>
    </item>
    <item>
      <room_name>Room #560</room_name>
    </item>
    <item>
      <room_name>Room #561</room_name>
    </item>
    <item>
      <room_name>Room #562</room_name>
    </item>
    <item>
      <room_name>Room #563</room_name>
    </item>
    <item>
      <room_name>Room #564</room_name>
    </item>
    <item>
      <room_name>Room #565</room_name>
    </item>
    <item>
      <room_name>Room #566</room_name>
    </item>
    <item>
      <room_name>Room #567</room_name>
    </item>
    <item>
      <room_name>Room #568</room_name>
    </item>
    <item>
      <room_name>Room #569</room_name>
    </item>
    <item>
      <room_name>Room #57</room_name>
    </item>
    <item>
      <room_name>Room #570</room_name>
    </item>
    <item>
      <room_name>Room #571</room_name>
    </item>
    <item>
      <room_name>Room #572</room_name>
    </item>
    <item>
      <room_name>Room #573</room_name>
    </item>
    <item>
      <room_name>Room #574</room_name>
    </item>
    <item>
      <room_name>Room #575</room_name>
    </item>
    <item>
      <room_name>Room #576</room_name>
    </item>
    <item>
      <room_name>Room #577</room_name>
    </item>
    <item>
      <room_name>Room #578</room_name>
    </item>
    <item>
      <room_name>Room #58</room_name>
    </item>
    <item>
      <room_name>Room #580</room_name>
    </item>
    <item>
      <room_name>Room #581</room_name>
    </item>
    <item>
      <room_name>Room #582</room_name>
    </item>
    <item>
      <room_name>Room #583</room_name>
    </item>
    <item>
      <room_name>Room #584</room_name>
    </item>
    <item>
      <room_name>Room #585</room_name>
    </item>
    <item>
      <room_name>Room #586</room_name>
    </item>
    <item>
      <room_name>Room #587</room_name>
    </item>
    <item>
      <room_name>Room #588</room_name>
    </item>
    <item>
      <room_name>Room #589</room_name>
    </item>
    <item>
      <room_name>Room #59</room_name>
    </item>
    <item>
      <room_name>Room #590</room_name>
    </item>
    <item>
      <room_name>Room #591</room_name>
    </item>
    <item>
      <room_name>Room #592</room_name>
    </item>
    <item>
      <room_name>Room #593</room_name>
    </item>
    <item>
      <room_name>Room #594</room_name>
    </item>
    <item>
      <room_name>Room #595</room_name>
    </item>
    <item>
      <room_name>Room #596</room_name>
    </item>
    <item>
      <room_name>Room #597</room_name>
    </item>
    <item>
      <room_name>Room #598</room_name>
    </item>
    <item>
      <room_name>Room #599</room_name>
    </item>
    <item>
      <room_name>Room #60</room_name>
    </item>
    <item>
      <room_name>Room #600</room_name>
    </item>
    <item>
      <room_name>Room #601</room_name>
    </item>
    <item>
      <room_name>Room #602</room_name>
    </item>
    <item>
      <room_name>Room #603</room_name>
    </item>
    <item>
      <room_name>Room #604</room_name>
    </item>
    <item>
      <room_name>Room #605</room_name>
    </item>
    <item>
      <room_name>Room #606</room_name>
    </item>
    <item>
      <room_name>Room #607</room_name>
    </item>
    <item>
      <room_name>Room #608</room_name>
    </item>
    <item>
      <room_name>Room #609</room_name>
    </item>
    <item>
      <room_name>Room #61</room_name>
    </item>
    <item>
      <room_name>Room #610</room_name>
    </item>
    <item>
      <room_name>Room #611</room_name>
    </item>
    <item>
      <room_name>Room #612</room_name>
    </item>
    <item>
      <room_name>Room #613</room_name>
    </item>
    <item>
      <room_name>Room #614</room_name>
    </item>
    <item>
      <room_name>Room #615</room_name>
    </item>
    <item>
      <room_name>Room #616</room_name>
    </item>
    <item>
      <room_name>Room #617</room_name>
    </item>
    <item>
      <room_name>Room #618</room_name>
    </item>
    <item>
      <room_name>Room #619</room_name>
    </item>
    <item>
      <room_name>Room #62</room_name>
    </item>
    <item>
      <room_name>Room #620</room_name>
    </item>
    <item>
      <room_name>Room #621</room_name>
    </item>
    <item>
      <room_name>Room #622</room_name>
    </item>
    <item>
      <room_name>Room #624</room_name>
    </item>
    <item>
      <room_name>Room #625</room_name>
    </item>
    <item>
      <room_name>Room #626</room_name>
    </item>
    <item>
      <room_name>Room #627</room_name>
    </item>
    <item>
      <room_name>Room #628</room_name>
    </item>
    <item>
      <room_name>Room #629</room_name>
    </item>
    <item>
      <room_name>Room #63</room_name>
    </item>
    <item>
      <room_name>Room #630</room_name>
    </item>
    <item>
      <room_name>Room #631</room_name>
    </item>
    <item>
      <room_name>Room #632</room_name>
    </item>
    <item>
      <room_name>Room #633</room_name>
    </item>
    <item>
      <room_name>Room #634</room_name>
    </item>
    <item>
      <room_name>Room #635</room_name>
    </item>
    <item>
      <room_name>Room #636</room_name>
    </item>
    <item>
      <room_name>Room #637</room_name>
    </item>
    <item>
      <room_name>Room #638</room_name>
    </item>
    <item>
      <room_name>Room #639</room_name>
    </item>
    <item>
      <room_name>Room #64</room_name>
    </item>
    <item>
      <room_name>Room #640</room_name>
    </item>
    <item>
      <room_name>Room #641</room_name>
    </item>
    <item>
      <room_name>Room #642</room_name>
    </item>
    <item>
      <room_name>Room #643</room_name>
    </item>
    <item>
      <room_name>Room #644</room_name>
    </item>
    <item>
      <room_name>Room #645</room_name>
    </item>
    <item>
      <room_name>Room #646</room_name>
    </item>
    <item>
      <room_name>Room #647</room_name>
    </item>
    <item>
      <room_name>Room #648</room_name>
    </item>
    <item>
      <room_name>Room #649</room_name>
    </item>
    <item>
      <room_name>Room #65</room_name>
    </item>
    <item>
      <room_name>Room #650</room_name>
    </item>
    <item>
      <room_name>Room #651</room_name>
    </item>
    <item>
      <room_name>Room #652</room_name>
    </item>
    <item>
      <room_name>Room #653</room_name>
    </item>
    <item>
      <room_name>Room #654</room_name>
    </item>
    <item>
      <room_name>Room #655</room_name>
    </item>
    <item>
      <room_name>Room #656</room_name>
    </item>
    <item>
      <room_name>Room #657</room_name>
    </item>
    <item>
      <room_name>Room #658</room_name>
    </item>
    <item>
      <room_name>Room #659</room_name>
    </item>
    <item>
      <room_name>Room #66</room_name>
    </item>
    <item>
      <room_name>Room #660</room_name>
    </item>
    <item>
      <room_name>Room #661</room_name>
    </item>
    <item>
      <room_name>Room #662</room_name>
    </item>
    <item>
      <room_name>Room #663</room_name>
    </item>
    <item>
      <room_name>Room #664</room_name>
    </item>
    <item>
      <room_name>Room #665</room_name>
    </item>
    <item>
      <room_name>Room #666</room_name>
    </item>
    <item>
      <room_name>Room #667</room_name>
    </item>
    <item>
      <room_name>Room #668</room_name>
    </item>
    <item>
      <room_name>Room #669</room_name>
    </item>
    <item>
      <room_name>Room #67</room_name>
    </item>
    <item>
      <room_name>Room #670</room_name>
    </item>
    <item>
      <room_name>Room #671</room_name>
    </item>
    <item>
      <room_name>Room #672</room_name>
    </item>
    <item>
      <room_name>Room #673</room_name>
    </item>
    <item>
      <room_name>Room #674</room_name>
    </item>
    <item>
      <room_name>Room #675</room_name>
    </item>
    <item>
      <room_name>Room #676</room_name>
    </item>
    <item>
      <room_name>Room #677</room_name>
    </item>
    <item>
      <room_name>Room #678</room_name>
    </item>
    <item>
      <room_name>Room #679</room_name>
    </item>
    <item>
      <room_name>Room #68</room_name>
    </item>
    <item>
      <room_name>Room #680</room_name>
    </item>
    <item>
      <room_name>Room #681</room_name>
    </item>
    <item>
      <room_name>Room #682</room_name>
    </item>
    <item>
      <room_name>Room #683</room_name>
    </item>
    <item>
      <room_name>Room #684</room_name>
    </item>
    <item>
      <room_name>Room #685</room_name>
    </item>
    <item>
      <room_name>Room #686</room_name>
    </item>
    <item>
      <room_name>Room #687</room_name>
    </item>
    <item>
      <room_name>Room #688</room_name>
    </item>
    <item>
      <room_name>Room #689</room_name>
    </item>
    <item>
      <room_name>Room #69</room_name>
    </item>
    <item>
      <room_name>Room #690</room_name>
    </item>
    <item>
      <room_name>Room #691</room_name>
    </item>
    <item>
      <room_name>Room #692</room_name>
    </item>
    <item>
      <room_name>Room #693</room_name>
    </item>
    <item>
      <room_name>Room #694</room_name>
    </item>
    <item>
      <room_name>Room #695</room_name>
    </item>
    <item>
      <room_name>Room #696</room_name>
    </item>
    <item>
      <room_name>Room #697</room_name>
    </item>
    <item>
      <room_name>Room #698</room_name>
    </item>
    <item>
      <room_name>Room #699</room_name>
    </item>
    <item>
      <room_name>Room #7</room_name>
    </item>
    <item>
      <room_name>Room #70</room_name>
    </item>
    <item>
      <room_name>Room #700</room_name>
    </item>
    <item>
      <room_name>Room #701</room_name>
    </item>
    <item>
      <room_name>Room #702</room_name>
    </item>
    <item>
      <room_name>Room #703</room_name>
    </item>
    <item>
      <room_name>Room #704</room_name>
    </item>
    <item>
      <room_name>Room #705</room_name>
    </item>
    <item>
      <room_name>Room #706</room_name>
    </item>
    <item>
      <room_name>Room #707</room_name>
    </item>
    <item>
      <room_name>Room #708</room_name>
    </item>
    <item>
      <room_name>Room #709</room_name>
    </item>
    <item>
      <room_name>Room #71</room_name>
    </item>
    <item>
      <room_name>Room #710</room_name>
    </item>
    <item>
      <room_name>Room #711</room_name>
    </item>
    <item>
      <room_name>Room #712</room_name>
    </item>
    <item>
      <room_name>Room #713</room_name>
    </item>
    <item>
      <room_name>Room #714</room_name>
    </item>
    <item>
      <room_name>Room #715</room_name>
    </item>
    <item>
      <room_name>Room #716</room_name>
    </item>
    <item>
      <room_name>Room #717</room_name>
    </item>
    <item>
      <room_name>Room #718</room_name>
    </item>
    <item>
      <room_name>Room #719</room_name>
    </item>
    <item>
      <room_name>Room #72</room_name>
    </item>
    <item>
      <room_name>Room #720</room_name>
    </item>
    <item>
      <room_name>Room #721</room_name>
    </item>
    <item>
      <room_name>Room #722</room_name>
    </item>
    <item>
      <room_name>Room #723</room_name>
    </item>
    <item>
      <room_name>Room #724</room_name>
    </item>
    <item>
      <room_name>Room #725</room_name>
    </item>
    <item>
      <room_name>Room #726</room_name>
    </item>
    <item>
      <room_name>Room #727</room_name>
    </item>
    <item>
      <room_name>Room #728</room_name>
    </item>
    <item>
      <room_name>Room #729</room_name>
    </item>
    <item>
      <room_name>Room #73</room_name>
    </item>
    <item>
      <room_name>Room #730</room_name>
    </item>
    <item>
      <room_name>Room #731</room_name>
    </item>
    <item>
      <room_name>Room #732</room_name>
    </item>
    <item>
      <room_name>Room #733</room_name>
    </item>
    <item>
      <room_name>Room #734</room_name>
    </item>
    <item>
      <room_name>Room #735</room_name>
    </item>
    <item>
      <room_name>Room #737</room_name>
    </item>
    <item>
      <room_name>Room #738</room_name>
    </item>
    <item>
      <room_name>Room #739</room_name>
    </item>
    <item>
      <room_name>Room #74</room_name>
    </item>
    <item>
      <room_name>Room #740</room_name>
    </item>
    <item>
      <room_name>Room #741</room_name>
    </item>
    <item>
      <room_name>Room #742</room_name>
    </item>
    <item>
      <room_name>Room #743</room_name>
    </item>
    <item>
      <room_name>Room #744</room_name>
    </item>
    <item>
      <room_name>Room #745</room_name>
    </item>
    <item>
      <room_name>Room #746</room_name>
    </item>
    <item>
      <room_name>Room #747</room_name>
    </item>
    <item>
      <room_name>Room #748</room_name>
    </item>
    <item>
      <room_name>Room #749</room_name>
    </item>
    <item>
      <room_name>Room #75</room_name>
    </item>
    <item>
      <room_name>Room #750</room_name>
    </item>
    <item>
      <room_name>Room #751</room_name>
    </item>
    <item>
      <room_name>Room #752</room_name>
    </item>
    <item>
      <room_name>Room #753</room_name>
    </item>
    <item>
      <room_name>Room #754</room_name>
    </item>
    <item>
      <room_name>Room #755</room_name>
    </item>
    <item>
      <room_name>Room #756</room_name>
    </item>
    <item>
      <room_name>Room #757</room_name>
    </item>
    <item>
      <room_name>Room #758</room_name>
    </item>
    <item>
      <room_name>Room #759</room_name>
    </item>
    <item>
      <room_name>Room #76</room_name>
    </item>
    <item>
      <room_name>Room #760</room_name>
    </item>
    <item>
      <room_name>Room #761</room_name>
    </item>
    <item>
      <room_name>Room #762</room_name>
    </item>
    <item>
      <room_name>Room #763</room_name>
    </item>
    <item>
      <room_name>Room #764</room_name>
    </item>
    <item>
      <room_name>Room #765</room_name>
    </item>
    <item>
      <room_name>Room #766</room_name>
    </item>
    <item>
      <room_name>Room #767</room_name>
    </item>
    <item>
      <room_name>Room #768</room_name>
    </item>
    <item>
      <room_name>Room #769</room_name>
    </item>
    <item>
      <room_name>Room #77</room_name>
    </item>
    <item>
      <room_name>Room #770</room_name>
    </item>
    <item>
      <room_name>Room #771</room_name>
    </item>
    <item>
      <room_name>Room #772</room_name>
    </item>
    <item>
      <room_name>Room #773</room_name>
    </item>
    <item>
      <room_name>Room #774</room_name>
    </item>
    <item>
      <room_name>Room #775</room_name>
    </item>
    <item>
      <room_name>Room #776</room_name>
    </item>
    <item>
      <room_name>Room #777</room_name>
    </item>
    <item>
      <room_name>Room #778</room_name>
    </item>
    <item>
      <room_name>Room #779</room_name>
    </item>
    <item>
      <room_name>Room #78</room_name>
    </item>
    <item>
      <room_name>Room #780</room_name>
    </item>
    <item>
      <room_name>Room #781</room_name>
    </item>
    <item>
      <room_name>Room #782</room_name>
    </item>
    <item>
      <room_name>Room #783</room_name>
    </item>
    <item>
      <room_name>Room #784</room_name>
    </item>
    <item>
      <room_name>Room #785</room_name>
    </item>
    <item>
      <room_name>Room #786</room_name>
    </item>
    <item>
      <room_name>Room #787</room_name>
    </item>
    <item>
      <room_name>Room #788</room_name>
    </item>
    <item>
      <room_name>Room #789</room_name>
    </item>
    <item>
      <room_name>Room #79</room_name>
    </item>
    <item>
      <room_name>Room #790</room_name>
    </item>
    <item>
      <room_name>Room #791</room_name>
    </item>
    <item>
      <room_name>Room #792</room_name>
    </item>
    <item>
      <room_name>Room #793</room_name>
    </item>
    <item>
      <room_name>Room #794</room_name>
    </item>
    <item>
      <room_name>Room #795</room_name>
    </item>
    <item>
      <room_name>Room #796</room_name>
    </item>
    <item>
      <room_name>Room #797</room_name>
    </item>
    <item>
      <room_name>Room #798</room_name>
    </item>
    <item>
      <room_name>Room #799</room_name>
    </item>
    <item>
      <room_name>Room #8</room_name>
    </item>
    <item>
      <room_name>Room #80</room_name>
    </item>
    <item>
      <room_name>Room #800</room_name>
    </item>
    <item>
      <room_name>Room #801</room_name>
    </item>
    <item>
      <room_name>Room #802</room_name>
    </item>
    <item>
      <room_name>Room #803</room_name>
    </item>
    <item>
      <room_name>Room #804</room_name>
    </item>
    <item>
      <room_name>Room #805</room_name>
    </item>
    <item>
      <room_name>Room #806</room_name>
    </item>
    <item>
      <room_name>Room #807</room_name>
    </item>
    <item>
      <room_name>Room #808</room_name>
    </item>
    <item>
      <room_name>Room #809</room_name>
    </item>
    <item>
      <room_name>Room #81</room_name>
    </item>
    <item>
      <room_name>Room #810</room_name>
    </item>
    <item>
      <room_name>Room #811</room_name>
    </item>
    <item>
      <room_name>Room #812</room_name>
    </item>
    <item>
      <room_name>Room #813</room_name>
    </item>
    <item>
      <room_name>Room #814</room_name>
    </item>
    <item>
      <room_name>Room #815</room_name>
    </item>
    <item>
      <room_name>Room #816</room_name>
    </item>
    <item>
      <room_name>Room #817</room_name>
    </item>
    <item>
      <room_name>Room #818</room_name>
    </item>
    <item>
      <room_name>Room #819</room_name>
    </item>
    <item>
      <room_name>Room #82</room_name>
    </item>
    <item>
      <room_name>Room #820</room_name>
    </item>
    <item>
      <room_name>Room #821</room_name>
    </item>
    <item>
      <room_name>Room #822</room_name>
    </item>
    <item>
      <room_name>Room #823</room_name>
    </item>
    <item>
      <room_name>Room #824</room_name>
    </item>
    <item>
      <room_name>Room #825</room_name>
    </item>
    <item>
      <room_name>Room #826</room_name>
    </item>
    <item>
      <room_name>Room #827</room_name>
    </item>
    <item>
      <room_name>Room #828</room_name>
    </item>
    <item>
      <room_name>Room #829</room_name>
    </item>
    <item>
      <room_name>Room #83</room_name>
    </item>
    <item>
      <room_name>Room #830</room_name>
    </item>
    <item>
      <room_name>Room #831</room_name>
    </item>
    <item>
      <room_name>Room #832</room_name>
    </item>
    <item>
      <room_name>Room #833</room_name>
    </item>
    <item>
      <room_name>Room #834</room_name>
    </item>
    <item>
      <room_name>Room #835</room_name>
    </item>
    <item>
      <room_name>Room #836</room_name>
    </item>
    <item>
      <room_name>Room #837</room_name>
    </item>
    <item>
      <room_name>Room #838</room_name>
    </item>
    <item>
      <room_name>Room #839</room_name>
    </item>
    <item>
      <room_name>Room #84</room_name>
    </item>
    <item>
      <room_name>Room #840</room_name>
    </item>
    <item>
      <room_name>Room #841</room_name>
    </item>
    <item>
      <room_name>Room #842</room_name>
    </item>
    <item>
      <room_name>Room #843</room_name>
    </item>
    <item>
      <room_name>Room #844</room_name>
    </item>
    <item>
      <room_name>Room #845</room_name>
    </item>
    <item>
      <room_name>Room #846</room_name>
    </item>
    <item>
      <room_name>Room #847</room_name>
    </item>
    <item>
      <room_name>Room #848</room_name>
    </item>
    <item>
      <room_name>Room #849</room_name>
    </item>
    <item>
      <room_name>Room #85</room_name>
    </item>
    <item>
      <room_name>Room #850</room_name>
    </item>
    <item>
      <room_name>Room #851</room_name>
    </item>
    <item>
      <room_name>Room #852</room_name>
    </item>
    <item>
      <room_name>Room #853</room_name>
    </item>
    <item>
      <room_name>Room #854</room_name>
    </item>
    <item>
      <room_name>Room #855</room_name>
    </item>
    <item>
      <room_name>Room #856</room_name>
    </item>
    <item>
      <room_name>Room #857</room_name>
    </item>
    <item>
      <room_name>Room #858</room_name>
    </item>
    <item>
      <room_name>Room #859</room_name>
    </item>
    <item>
      <room_name>Room #86</room_name>
    </item>
    <item>
      <room_name>Room #860</room_name>
    </item>
    <item>
      <room_name>Room #861</room_name>
    </item>
    <item>
      <room_name>Room #862</room_name>
    </item>
    <item>
      <room_name>Room #863</room_name>
    </item>
    <item>
      <room_name>Room #864</room_name>
    </item>
    <item>
      <room_name>Room #865</room_name>
    </item>
    <item>
      <room_name>Room #866</room_name>
    </item>
    <item>
      <room_name>Room #867</room_name>
    </item>
    <item>
      <room_name>Room #868</room_name>
    </item>
    <item>
      <room_name>Room #869</room_name>
    </item>
    <item>
      <room_name>Room #87</room_name>
    </item>
    <item>
      <room_name>Room #870</room_name>
    </item>
    <item>
      <room_name>Room #871</room_name>
    </item>
    <item>
      <room_name>Room #872</room_name>
    </item>
    <item>
      <room_name>Room #873</room_name>
    </item>
    <item>
      <room_name>Room #874</room_name>
    </item>
    <item>
      <room_name>Room #875</room_name>
    </item>
    <item>
      <room_name>Room #876</room_name>
    </item>
    <item>
      <room_name>Room #877</room_name>
    </item>
    <item>
      <room_name>Room #878</room_name>
    </item>
    <item>
      <room_name>Room #879</room_name>
    </item>
    <item>
      <room_name>Room #88</room_name>
    </item>
    <item>
      <room_name>Room #880</room_name>
    </item>
    <item>
      <room_name>Room #881</room_name>
    </item>
    <item>
      <room_name>Room #882</room_name>
    </item>
    <item>
      <room_name>Room #883</room_name>
    </item>
    <item>
      <room_name>Room #884</room_name>
    </item>
    <item>
      <room_name>Room #885</room_name>
    </item>
    <item>
      <room_name>Room #886</room_name>
    </item>
    <item>
      <room_name>Room #887</room_name>
    </item>
    <item>
      <room_name>Room #888</room_name>
    </item>
    <item>
      <room_name>Room #889</room_name>
    </item>
    <item>
      <room_name>Room #89</room_name>
    </item>
    <item>
      <room_name>Room #890</room_name>
    </item>
    <item>
      <room_name>Room #891</room_name>
    </item>
    <item>
      <room_name>Room #892</room_name>
    </item>
    <item>
      <room_name>Room #893</room_name>
    </item>
    <item>
      <room_name>Room #894</room_name>
    </item>
    <item>
      <room_name>Room #895</room_name>
    </item>
    <item>
      <room_name>Room #896</room_name>
    </item>
    <item>
      <room_name>Room #897</room_name>
    </item>
    <item>
      <room_name>Room #898</room_name>
    </item>
    <item>
      <room_name>Room #899</room_name>
    </item>
    <item>
      <room_name>Room #9</room_name>
    </item>
    <item>
      <room_name>Room #90</room_name>
    </item>
    <item>
      <room_name>Room #900</room_name>
    </item>
    <item>
      <room_name>Room #901</room_name>
    </item>
    <item>
      <room_name>Room #902</room_name>
    </item>
    <item>
      <room_name>Room #903</room_name>
    </item>
    <item>
      <room_name>Room #904</room_name>
    </item>
    <item>
      <room_name>Room #905</room_name>
    </item>
    <item>
      <room_name>Room #906</room_name>
    </item>
    <item>
      <room_name>Room #907</room_name>
    </item>
    <item>
      <room_name>Room #908</room_name>
    </item>
    <item>
      <room_name>Room #909</room_name>
    </item>
    <item>
      <room_name>Room #91</room_name>
    </item>
    <item>
      <room_name>Room #910</room_name>
    </item>
    <item>
      <room_name>Room #911</room_name>
    </item>
    <item>
      <room_name>Room #912</room_name>
    </item>
    <item>
      <room_name>Room #913</room_name>
    </item>
    <item>
      <room_name>Room #914</room_name>
    </item>
    <item>
      <room_name>Room #915</room_name>
    </item>
    <item>
      <room_name>Room #916</room_name>
    </item>
    <item>
      <room_name>Room #917</room_name>
    </item>
    <item>
      <room_name>Room #918</room_name>
    </item>
    <item>
      <room_name>Room #919</room_name>
    </item>
    <item>
      <room_name>Room #92</room_name>
    </item>
    <item>
      <room_name>Room #920</room_name>
    </item>
    <item>
      <room_name>Room #921</room_name>
    </item>
    <item>
      <room_name>Room #922</room_name>
    </item>
    <item>
      <room_name>Room #923</room_name>
    </item>
    <item>
      <room_name>Room #924</room_name>
    </item>
    <item>
      <room_name>Room #925</room_name>
    </item>
    <item>
      <room_name>Room #926</room_name>
    </item>
    <item>
      <room_name>Room #927</room_name>
    </item>
    <item>
      <room_name>Room #928</room_name>
    </item>
    <item>
      <room_name>Room #929</room_name>
    </item>
    <item>
      <room_name>Room #93</room_name>
    </item>
    <item>
      <room_name>Room #930</room_name>
    </item>
    <item>
      <room_name>Room #931</room_name>
    </item>
    <item>
      <room_name>Room #932</room_name>
    </item>
    <item>
      <room_name>Room #933</room_name>
    </item>
    <item>
      <room_name>Room #934</room_name>
    </item>
    <item>
      <room_name>Room #935</room_name>
    </item>
    <item>
      <room_name>Room #936</room_name>
    </item>
    <item>
      <room_name>Room #937</room_name>
    </item>
    <item>
      <room_name>Room #938</room_name>
    </item>
    <item>
      <room_name>Room #939</room_name>
    </item>
    <item>
      <room_name>Room #94</room_name>
    </item>
    <item>
      <room_name>Room #940</room_name>
    </item>
    <item>
      <room_name>Room #941</room_name>
    </item>
    <item>
      <room_name>Room #942</room_name>
    </item>
    <item>
      <room_name>Room #943</room_name>
    </item>
    <item>
      <room_name>Room #944</room_name>
    </item>
    <item>
      <room_name>Room #945</room_name>
    </item>
    <item>
      <room_name>Room #946</room_name>
    </item>
    <item>
      <room_name>Room #947</room_name>
    </item>
    <item>
      <room_name>Room #948</room_name>
    </item>
    <item>
      <room_name>Room #949</room_name>
    </item>
    <item>
      <room_name>Room #95</room_name>
    </item>
    <item>
      <room_name>Room #950</room_name>
    </item>
    <item>
      <room_name>Room #951</room_name>
    </item>
    <item>
      <room_name>Room #952</room_name>
    </item>
    <item>
      <room_name>Room #953</room_name>
    </item>
    <item>
      <room_name>Room #954</room_name>
    </item>
    <item>
      <room_name>Room #955</room_name>
    </item>
    <item>
      <room_name>Room #956</room_name>
    </item>
    <item>
      <room_name>Room #957</room_name>
    </item>
    <item>
      <room_name>Room #958</room_name>
    </item>
    <item>
      <room_name>Room #959</room_name>
    </item>
    <item>
      <room_name>Room #96</room_name>
    </item>
    <item>
      <room_name>Room #960</room_name>
    </item>
    <item>
      <room_name>Room #961</room_name>
    </item>
    <item>
      <room_name>Room #962</room_name>
    </item>
    <item>
      <room_name>Room #963</room_name>
    </item>
    <item>
      <room_name>Room #964</room_name>
    </item>
    <item>
      <room_name>Room #965</room_name>
    </item>
    <item>
      <room_name>Room #966</room_name>
    </item>
    <item>
      <room_name>Room #967</room_name>
    </item>
    <item>
      <room_name>Room #968</room_name>
    </item>
    <item>
      <room_name>Room #969</room_name>
    </item>
    <item>
      <room_name>Room #97</room_name>
    </item>
    <item>
      <room_name>Room #970</room_name>
    </item>
    <item>
      <room_name>Room #971</room_name>
    </item>
    <item>
      <room_name>Room #972</room_name>
    </item>
    <item>
      <room_name>Room #973</room_name>
    </item>
    <item>
      <room_name>Room #974</room_name>
    </item>
    <item>
      <room_name>Room #975</room_name>
    </item>
    <item>
      <room_name>Room #976</room_name>
    </item>
    <item>
      <room_name>Room #977</room_name>
    </item>
    <item>
      <room_name>Room #978</room_name>
    </item>
    <item>
      <room_name>Room #979</room_name>
    </item>
    <item>
      <room_name>Room #98</room_name>
    </item>
    <item>
      <room_name>Room #980</room_name>
    </item>
    <item>
      <room_name>Room #981</room_name>
    </item>
    <item>
      <room_name>Room #982</room_name>
    </item>
    <item>
      <room_name>Room #983</room_name>
    </item>
    <item>
      <room_name>Room #984</room_name>
    </item>
    <item>
      <room_name>Room #985</room_name>
    </item>
    <item>
      <room_name>Room #986</room_name>
    </item>
    <item>
      <room_name>Room #987</room_name>
    </item>
    <item>
      <room_name>Room #988</room_name>
    </item>
    <item>
      <room_name>Room #989</room_name>
    </item>
    <item>
      <room_name>Room #99</room_name>
    </item>
    <item>
      <room_name>Room #990</room_name>
    </item>
    <item>
      <room_name>Room #991</room_name>
    </item>
    <item>
      <room_name>Room #992</room_name>
    </item>
    <item>
      <room_name>Room #993</room_name>
    </item>
    <item>
      <room_name>Room #994</room_name>
    </item>
    <item>
      <room_name>Room #995</room_name>
    </item>
    <item>
      <room_name>Room #996</room_name>
    </item>
    <item>
      <room_name>Room #997</room_name>
    </item>
    <item>
      <room_name>Room #998</room_name>
    </item>
    <item>
      <room_name>Room #999</room_name>
    </item>
  </mixed_sex_rooms>
</results>
